[0.348s] Invoking command in '/home/praj/niihan_ws/build/niihan_description': PYTHONPATH=/home/praj/niihan_ws/build/niihan_description/prefix_override:/usr/lib/python3/dist-packages/colcon_core/task/python/colcon_distutils_commands:/home/praj/niihan_ws/install/niihan_description/lib/python3.10/site-packages:${PYTHONPATH} /usr/bin/python3 -W ignore:setup.py install is deprecated -W ignore:easy_install command is deprecated setup.py develop --uninstall --editable --build-directory /home/praj/niihan_ws/build/niihan_description/build
[0.490s] running develop
[0.572s] Removing /home/praj/niihan_ws/install/niihan_description/lib/python3.10/site-packages/niihan-description.egg-link (link to .)
[0.586s] Invoked command in '/home/praj/niihan_ws/build/niihan_description' returned '0': PYTHONPATH=/home/praj/niihan_ws/build/niihan_description/prefix_override:/usr/lib/python3/dist-packages/colcon_core/task/python/colcon_distutils_commands:/home/praj/niihan_ws/install/niihan_description/lib/python3.10/site-packages:${PYTHONPATH} /usr/bin/python3 -W ignore:setup.py install is deprecated -W ignore:easy_install command is deprecated setup.py develop --uninstall --editable --build-directory /home/praj/niihan_ws/build/niihan_description/build
[0.588s] Invoking command in '/home/praj/niihan_ws/src/niihan_description': PYTHONPATH=/home/praj/niihan_ws/build/niihan_description/prefix_override:/usr/lib/python3/dist-packages/colcon_core/task/python/colcon_distutils_commands:/home/praj/niihan_ws/install/niihan_description/lib/python3.10/site-packages:${PYTHONPATH} /usr/bin/python3 -W ignore:setup.py install is deprecated -W ignore:easy_install command is deprecated setup.py egg_info --egg-base ../../build/niihan_description build --build-base /home/praj/niihan_ws/build/niihan_description/build install --record /home/praj/niihan_ws/build/niihan_description/install.log --install-scripts $base/lib/niihan_description --single-version-externally-managed install_data --force
[0.708s] running egg_info
[0.708s] writing ../../build/niihan_description/niihan_description.egg-info/PKG-INFO
[0.708s] writing dependency_links to ../../build/niihan_description/niihan_description.egg-info/dependency_links.txt
[0.708s] writing entry points to ../../build/niihan_description/niihan_description.egg-info/entry_points.txt
[0.708s] writing requirements to ../../build/niihan_description/niihan_description.egg-info/requires.txt
[0.708s] writing top-level names to ../../build/niihan_description/niihan_description.egg-info/top_level.txt
[0.709s] reading manifest file '../../build/niihan_description/niihan_description.egg-info/SOURCES.txt'
[0.711s] writing manifest file '../../build/niihan_description/niihan_description.egg-info/SOURCES.txt'
[0.711s] running build
[0.711s] running build_py
[0.711s] running install
[0.712s] running install_lib
[0.713s] creating /home/praj/niihan_ws/install/niihan_description/lib/python3.10/site-packages/niihan_description
[0.713s] copying /home/praj/niihan_ws/build/niihan_description/build/lib/niihan_description/patrol_controller.py -> /home/praj/niihan_ws/install/niihan_description/lib/python3.10/site-packages/niihan_description
[0.713s] copying /home/praj/niihan_ws/build/niihan_description/build/lib/niihan_description/niihan_description_node.py -> /home/praj/niihan_ws/install/niihan_description/lib/python3.10/site-packages/niihan_description
[0.713s] copying /home/praj/niihan_ws/build/niihan_description/build/lib/niihan_description/__init__.py -> /home/praj/niihan_ws/install/niihan_description/lib/python3.10/site-packages/niihan_description
[0.714s] byte-compiling /home/praj/niihan_ws/install/niihan_description/lib/python3.10/site-packages/niihan_description/patrol_controller.py to patrol_controller.cpython-310.pyc
[0.715s] byte-compiling /home/praj/niihan_ws/install/niihan_description/lib/python3.10/site-packages/niihan_description/niihan_description_node.py to niihan_description_node.cpython-310.pyc
[0.715s] byte-compiling /home/praj/niihan_ws/install/niihan_description/lib/python3.10/site-packages/niihan_description/__init__.py to __init__.cpython-310.pyc
[0.715s] running install_data
[0.715s] copying resource/niihan_description -> /home/praj/niihan_ws/install/niihan_description/share/ament_index/resource_index/packages
[0.716s] copying package.xml -> /home/praj/niihan_ws/install/niihan_description/share/niihan_description
[0.716s] copying launch/niihan_description.launch.py -> /home/praj/niihan_ws/install/niihan_description/share/niihan_description/launch
[0.716s] copying launch/niihan_mapping.launch.py -> /home/praj/niihan_ws/install/niihan_description/share/niihan_description/launch
[0.717s] copying launch/niihan_gazebo.launch.py -> /home/praj/niihan_ws/install/niihan_description/share/niihan_description/launch
[0.717s] copying launch/mapping.launch.py -> /home/praj/niihan_ws/install/niihan_description/share/niihan_description/launch
[0.717s] copying launch/gazebo.launch.py -> /home/praj/niihan_ws/install/niihan_description/share/niihan_description/launch
[0.718s] copying config/scenarios.yaml -> /home/praj/niihan_ws/install/niihan_description/share/niihan_description/config
[0.718s] copying config/nav2_params.yaml -> /home/praj/niihan_ws/install/niihan_description/share/niihan_description/config
[0.719s] copying config/slam_toolbox_params.yaml -> /home/praj/niihan_ws/install/niihan_description/share/niihan_description/config
[0.719s] copying config/niihan_description_params.yaml -> /home/praj/niihan_ws/install/niihan_description/share/niihan_description/config
[0.720s] copying rviz/niihan_mapping.rviz -> /home/praj/niihan_ws/install/niihan_description/share/niihan_description/rviz
[0.720s] copying urdf/niihan_sensors_mast.xacro -> /home/praj/niihan_ws/install/niihan_description/share/niihan_description/urdf
[0.720s] copying urdf/niihan_properties.xacro -> /home/praj/niihan_ws/install/niihan_description/share/niihan_description/urdf
[0.721s] copying urdf/niihan_macros.xacro -> /home/praj/niihan_ws/install/niihan_description/share/niihan_description/urdf
[0.721s] copying urdf/robot.urdf -> /home/praj/niihan_ws/install/niihan_description/share/niihan_description/urdf
[0.721s] copying urdf/niihan_chassis.xacro -> /home/praj/niihan_ws/install/niihan_description/share/niihan_description/urdf
[0.722s] copying urdf/niihan_mast.xacro -> /home/praj/niihan_ws/install/niihan_description/share/niihan_description/urdf
[0.722s] copying urdf/niihan.urdf.xacro -> /home/praj/niihan_ws/install/niihan_description/share/niihan_description/urdf
[0.722s] copying urdf/niihan_sensors_chassis.xacro -> /home/praj/niihan_ws/install/niihan_description/share/niihan_description/urdf
[0.723s] copying models/robot.urdf -> /home/praj/niihan_ws/install/niihan_description/share/niihan_description/models
[0.723s] copying worlds/sonoma_raceway.world -> /home/praj/niihan_ws/install/niihan_description/share/niihan_description/worlds
[0.723s] copying worlds/niihan_patrol_base.world -> /home/praj/niihan_ws/install/niihan_description/share/niihan_description/worlds
[0.724s] copying scripts/run_scenario_sweep.py -> /home/praj/niihan_ws/install/niihan_description/share/niihan_description/scripts
[0.724s] running install_egg_info
[0.725s] Copying ../../build/niihan_description/niihan_description.egg-info to /home/praj/niihan_ws/install/niihan_description/lib/python3.10/site-packages/niihan_description-0.1.0-py3.10.egg-info
[0.726s] running install_scripts
[0.737s] Installing niihan_description_node script to /home/praj/niihan_ws/install/niihan_description/lib/niihan_description
[0.737s] Installing patrol_controller script to /home/praj/niihan_ws/install/niihan_description/lib/niihan_description
[0.737s] writing list of installed files to '/home/praj/niihan_ws/build/niihan_description/install.log'
[0.750s] Invoked command in '/home/praj/niihan_ws/src/niihan_description' returned '0': PYTHONPATH=/home/praj/niihan_ws/build/niihan_description/prefix_override:/usr/lib/python3/dist-packages/colcon_core/task/python/colcon_distutils_commands:/home/praj/niihan_ws/install/niihan_description/lib/python3.10/site-packages:${PYTHONPATH} /usr/bin/python3 -W ignore:setup.py install is deprecated -W ignore:easy_install command is deprecated setup.py egg_info --egg-base ../../build/niihan_description build --build-base /home/praj/niihan_ws/build/niihan_description/build install --record /home/praj/niihan_ws/build/niihan_description/install.log --install-scripts $base/lib/niihan_description --single-version-externally-managed install_data --force
