[0.000000] (-) TimerEvent: {}
[0.000138] (niihan_description) JobQueued: {'identifier': 'niihan_description', 'dependencies': OrderedDict()}
[0.000178] (niihan_description) JobStarted: {'identifier': 'niihan_description'}
[0.099271] (-) TimerEvent: {}
[0.199481] (-) TimerEvent: {}
[0.299670] (-) TimerEvent: {}
[0.399861] (-) TimerEvent: {}
[0.500119] (-) TimerEvent: {}
[0.600343] (-) TimerEvent: {}
[0.700537] (-) TimerEvent: {}
[0.726013] (niihan_description) Command: {'cmd': ['/usr/bin/python3', '-W', 'ignore:setup.py install is deprecated', '-W', 'ignore:easy_install command is deprecated', 'setup.py', 'develop', '--editable', '--build-directory', '/home/praj/niihan_ws/build/niihan_description/build', '--no-deps', 'symlink_data'], 'cwd': '/home/praj/niihan_ws/build/niihan_description', 'env': {'GJS_DEBUG_TOPICS': 'JS ERROR;JS LOG', 'LESSOPEN': '| /usr/bin/lesspipe %s', 'RUBBER_DUCK_AGENT': 'true', 'AI_AGENT': 'github_copilot_vscode_agent', 'LANGUAGE': 'en_IN:en', 'USER': 'praj', 'SNAP_COMMON': '/var/snap/code/common', 'FONTCONFIG_PATH': '/etc/fonts', 'GIO_MODULE_DIR': '/home/praj/snap/code/common/.cache/gio-modules', 'XDG_SESSION_TYPE': 'x11', 'GIT_ASKPASS': '', 'SNAP_UID': '1000', 'SHLVL': '0', 'LD_LIBRARY_PATH': '/opt/ros/humble/opt/rviz_ogre_vendor/lib:/opt/ros/humble/lib/x86_64-linux-gnu:/opt/ros/humble/lib', 'HOME': '/home/praj', 'CHROME_DESKTOP': 'code.desktop', 'SNAP_LIBRARY_PATH': '/var/lib/snapd/lib/gl:/var/lib/snapd/lib/gl32', 'GIT_CONFIG_COUNT': '2', 'DESKTOP_SESSION': 'ubuntu', 'COPILOT_CLI_RUN_AS_NODE': '1', 'SNAP_USER_DATA': '/home/praj/snap/code/259', 'GTK_PATH': '/snap/code/259/usr/lib/x86_64-linux-gnu/gtk-3.0', 'GTK_IM_MODULE_FILE': '/home/praj/snap/code/common/.cache/immodules/immodules.cache', 'GIO_LAUNCHED_DESKTOP_FILE': '/var/lib/snapd/desktop/applications/code_code.desktop', 'ROS_PYTHON_VERSION': '3', 'GNOME_SHELL_SESSION_MODE': 'ubuntu', 'GTK_MODULES': 'gail:atk-bridge', 'MANAGERPID': '1818', 'COPILOT_CLI': '1', 'SYSTEMD_EXEC_PID': '2136', 'SSH_ASKPASS': '', 'DBUS_SESSION_BUS_ADDRESS': 'unix:path=/run/user/1000/bus', 'SNAP_REVISION': '259', 'USE_BUILTIN_RIPGREP': 'false', 'GIO_LAUNCHED_DESKTOP_FILE_PID': '7038', 'GCM_INTERACTIVE': 'Never', 'ROS_DISTRO': 'humble', 'GTK_IM_MODULE': 'ibus', 'LOGNAME': 'praj', 'SNAP_CONTEXT': 'snuGh7i0HoXX5BMy3awg2mEdyDzO3aA1ekJnN8gTJe-aXjGdUFVr', 'JOURNAL_STREAM': '8:3513', '_': '/usr/bin/colcon', 'ROS_VERSION': '2', 'XDG_CONFIG_DIRS_VSCODE_SNAP_ORIG': '/etc/xdg/xdg-ubuntu:/etc/xdg', 'XDG_SESSION_CLASS': 'user', 'SNAP_VERSION': '08d4889f', 'XDG_DATA_DIRS_VSCODE_SNAP_ORIG': '/usr/share/ubuntu:/usr/share/gnome:/usr/local/share/:/usr/share/:/var/lib/snapd/desktop', 'USERNAME': 'praj', 'GNOME_DESKTOP_SESSION_ID': 'this-is-deprecated', 'SNAP_INSTANCE_NAME': 'code', 'FC_FONTATIONS': '1', 'ROS_LOCALHOST_ONLY': '0', 'WINDOWPATH': '2', 'GIT_CONFIG_VALUE_0': 'explicit', 'PATH': '/home/praj/.local/bin:/home/praj/.local/bin:/home/praj/.local/bin:/home/praj/.local/bin:/opt/ros/humble/bin:/home/praj/.local/bin:/home/praj/.local/bin:/usr/local/sbin:/usr/local/bin:/usr/sbin:/usr/bin:/sbin:/bin:/usr/games:/usr/local/games:/snap/bin:/snap/bin:/snap/code/259/usr/share/code/resources/app/node_modules.asar.unpacked/@vscode/ripgrep-universal/bin/linux-x64', 'SESSION_MANAGER': 'local/praj-ASUS-TUF-Gaming-F15-FX507ZV4-FX507ZV4:@/tmp/.ICE-unix/2109,unix/praj-ASUS-TUF-Gaming-F15-FX507ZV4-FX507ZV4:/tmp/.ICE-unix/2109', 'GTK_EXE_PREFIX': '/snap/code/259/usr', 'INVOCATION_ID': '06bf0c59df0f417aa07482447006ff87', 'GIT_CONFIG_VALUE_1': 'never', 'CLAUDE_CODE_DISABLE_PRECOMPACT_SKIP': '1', 'XDG_MENU_PREFIX': 'gnome-', 'SNAP_DATA': '/var/snap/code/259', 'XDG_RUNTIME_DIR': '/run/user/1000', 'GDK_BACKEND': 'x11', 'DISPLAY': ':1', 'LOCPATH': '/snap/code/259/usr/lib/locale', 'LANG': 'en_US.UTF-8', 'XDG_CURRENT_DESKTOP': 'ubuntu:GNOME', 'XDG_DATA_HOME': '/home/praj/snap/code/259/.local/share', 'XMODIFIERS': '@im=ibus', 'XDG_SESSION_DESKTOP': 'ubuntu', 'XAUTHORITY': '/run/user/1000/gdm/Xauthority', 'SSH_AGENT_LAUNCHER': 'gnome-keyring', 'SNAP_USER_COMMON': '/home/praj/snap/code/common', 'SSH_AUTH_SOCK': '/run/user/1000/keyring/ssh', 'GSETTINGS_SCHEMA_DIR': '/home/praj/snap/code/259/.local/share/glib-2.0/schemas', 'SNAP_ARCH': 'amd64', 'AMENT_PREFIX_PATH': '/opt/ros/humble', 'COPILOT_AGENT_SESSION_ID': '00be7530-604f-43ae-a7b9-9ad3aaf4c945', 'SNAP_COOKIE': 'snuGh7i0HoXX5BMy3awg2mEdyDzO3aA1ekJnN8gTJe-aXjGdUFVr', 'AUTO_V2_ENDPOINT': 'true', 'SHELL': '/bin/bash', 'GDK_PIXBUF_MODULEDIR': '/snap/code/259/usr/lib/x86_64-linux-gnu/gdk-pixbuf-2.0/2.10.0/loaders', 'GIT_TERMINAL_PROMPT': '0', 'MXC_BIN_DIR': '/snap/code/259/usr/share/code/resources/app/node_modules.asar.unpacked/@microsoft/mxc-sdk/bin', 'QT_ACCESSIBILITY': '1', 'GDMSESSION': 'ubuntu', 'GIT_CONFIG_KEY_0': 'safe.bareRepository', 'LESSCLOSE': '/usr/bin/lesspipe %s %s', 'SNAP_NAME': 'code', 'FONTCONFIG_FILE': '/etc/fonts/fonts.conf', 'GIT_CONFIG_KEY_1': 'credential.interactive', 'GDK_PIXBUF_MODULE_FILE': '/home/praj/snap/code/common/.cache/gdk-pixbuf-loaders.cache', 'GPG_AGENT_INFO': '/run/user/1000/gnupg/S.gpg-agent:0:1', 'COPILOT_MCP_APPS': 'true', 'GJS_DEBUG_OUTPUT': 'stderr', 'GZ_VERSION': 'harmonic', 'SNAP_LAUNCHER_ARCH_TRIPLET': 'x86_64-linux-gnu', 'QT_IM_MODULE': 'ibus', 'PWD': '/home/praj/niihan_ws/build/niihan_description', 'AUTO_APPROVAL': 'true', 'LC_ALL': 'en_US.UTF-8', 'XDG_CONFIG_DIRS': '/etc/xdg/xdg-ubuntu:/etc/xdg', 'SNAP_REAL_HOME': '/home/praj', 'XDG_DATA_DIRS': '/home/praj/snap/code/259/.local/share:/home/praj/snap/code/259:/snap/code/259/usr/share:/usr/share/ubuntu:/usr/share/gnome:/usr/local/share/:/usr/share/:/var/lib/snapd/desktop', 'COPILOT_ENABLE_BUILTIN_GITHUB_MCP': 'true', 'SNAP_EUID': '1000', 'PYTHONPATH': '/home/praj/niihan_ws/build/niihan_description/prefix_override:/usr/lib/python3/dist-packages/colcon_core/task/python/colcon_distutils_commands:/home/praj/niihan_ws/install/niihan_description/lib/python3.10/site-packages:/opt/ros/humble/lib/python3.10/site-packages:/opt/ros/humble/local/lib/python3.10/dist-packages', 'SNAP': '/snap/code/259', 'COLCON': '1', 'COPILOT_CLI_ENABLED_FEATURE_FLAGS': 'SHELL_SPAWN_BACKEND'}, 'shell': False}
[0.800647] (-) TimerEvent: {}
[0.900836] (-) TimerEvent: {}
[0.924870] (niihan_description) StdoutLine: {'line': b'running develop\n'}
[1.000931] (-) TimerEvent: {}
[1.054772] (niihan_description) StdoutLine: {'line': b'running egg_info\n'}
[1.055187] (niihan_description) StdoutLine: {'line': b'writing niihan_description.egg-info/PKG-INFO\n'}
[1.055286] (niihan_description) StdoutLine: {'line': b'writing dependency_links to niihan_description.egg-info/dependency_links.txt\n'}
[1.055364] (niihan_description) StdoutLine: {'line': b'writing entry points to niihan_description.egg-info/entry_points.txt\n'}
[1.055438] (niihan_description) StdoutLine: {'line': b'writing requirements to niihan_description.egg-info/requires.txt\n'}
[1.055508] (niihan_description) StdoutLine: {'line': b'writing top-level names to niihan_description.egg-info/top_level.txt\n'}
[1.056339] (niihan_description) StdoutLine: {'line': b"reading manifest file 'niihan_description.egg-info/SOURCES.txt'\n"}
[1.057058] (niihan_description) StdoutLine: {'line': b"writing manifest file 'niihan_description.egg-info/SOURCES.txt'\n"}
[1.057813] (niihan_description) StdoutLine: {'line': b'running build_ext\n'}
[1.057959] (niihan_description) StdoutLine: {'line': b'Creating /home/praj/niihan_ws/install/niihan_description/lib/python3.10/site-packages/niihan-description.egg-link (link to .)\n'}
[1.058574] (niihan_description) StdoutLine: {'line': b'Installing cliff_detector script to /home/praj/niihan_ws/install/niihan_description/lib/niihan_description\n'}
[1.058924] (niihan_description) StdoutLine: {'line': b'Installing niihan_description_node script to /home/praj/niihan_ws/install/niihan_description/lib/niihan_description\n'}
[1.059000] (niihan_description) StdoutLine: {'line': b'Installing patrol_controller script to /home/praj/niihan_ws/install/niihan_description/lib/niihan_description\n'}
[1.059071] (niihan_description) StdoutLine: {'line': b'Installing set_patrol_points script to /home/praj/niihan_ws/install/niihan_description/lib/niihan_description\n'}
[1.059148] (niihan_description) StdoutLine: {'line': b'Installing vortex_3d_mapper script to /home/praj/niihan_ws/install/niihan_description/lib/niihan_description\n'}
[1.059212] (niihan_description) StdoutLine: {'line': b'Installing waypoint_patrol script to /home/praj/niihan_ws/install/niihan_description/lib/niihan_description\n'}
[1.059276] (niihan_description) StdoutLine: {'line': b'\n'}
[1.059342] (niihan_description) StdoutLine: {'line': b'Installed /home/praj/niihan_ws/build/niihan_description\n'}
[1.059413] (niihan_description) StdoutLine: {'line': b'running symlink_data\n'}
[1.079102] (niihan_description) CommandEnded: {'returncode': 0}
[1.090229] (niihan_description) JobEnded: {'identifier': 'niihan_description', 'rc': 0}
[1.090749] (-) EventReactorShutdown: {}
