[0.104s] DEBUG:colcon:Command line arguments: ['/usr/bin/colcon', 'build', '--packages-select', 'niihan_description', '--symlink-install']
[0.105s] DEBUG:colcon:Parsed command line arguments: Namespace(log_base=None, log_level=None, verb_name='build', build_base='build', install_base='install', merge_install=False, symlink_install=True, test_result_base=None, continue_on_error=False, executor='parallel', parallel_workers=20, event_handlers=None, ignore_user_meta=False, metas=['./colcon.meta'], base_paths=['.'], packages_ignore=None, packages_ignore_regex=None, paths=None, packages_up_to=None, packages_up_to_regex=None, packages_above=None, packages_above_and_dependencies=None, packages_above_depth=None, packages_select_by_dep=None, packages_skip_by_dep=None, packages_skip_up_to=None, packages_select_build_failed=False, packages_skip_build_finished=False, packages_select_test_failures=False, packages_skip_test_passed=False, packages_select=['niihan_description'], packages_skip=None, packages_select_regex=None, packages_skip_regex=None, packages_start=None, packages_end=None, allow_overriding=[], cmake_args=None, cmake_target=None, cmake_target_skip_unavailable=False, cmake_clean_cache=False, cmake_clean_first=False, cmake_force_configure=False, ament_cmake_args=None, catkin_cmake_args=None, catkin_skip_building_tests=False, mixin_files=None, mixin=None, verb_parser=<colcon_mixin.mixin.mixin_argument.MixinArgumentDecorator object at 0x77b21db6e200>, verb_extension=<colcon_core.verb.build.BuildVerb object at 0x77b21db6dc30>, main=<bound method BuildVerb.main of <colcon_core.verb.build.BuildVerb object at 0x77b21db6dc30>>, mixin_verb=('build',))
[0.279s] Level 1:colcon.colcon_core.package_discovery:discover_packages(colcon_meta) check parameters
[0.279s] Level 1:colcon.colcon_core.package_discovery:discover_packages(recursive) check parameters
[0.279s] Level 1:colcon.colcon_core.package_discovery:discover_packages(ignore) check parameters
[0.279s] Level 1:colcon.colcon_core.package_discovery:discover_packages(path) check parameters
[0.279s] Level 1:colcon.colcon_core.package_discovery:discover_packages(colcon_meta) discover
[0.279s] Level 1:colcon.colcon_core.package_discovery:discover_packages(recursive) discover
[0.280s] INFO:colcon.colcon_core.package_discovery:Crawling recursively for packages in '/home/praj/niihan_ws'
[0.280s] Level 1:colcon.colcon_core.package_identification:_identify(.) by extensions ['ignore', 'ignore_ament_install']
[0.280s] Level 1:colcon.colcon_core.package_identification:_identify(.) by extension 'ignore'
[0.280s] Level 1:colcon.colcon_core.package_identification:_identify(.) by extension 'ignore_ament_install'
[0.280s] Level 1:colcon.colcon_core.package_identification:_identify(.) by extensions ['colcon_pkg']
[0.280s] Level 1:colcon.colcon_core.package_identification:_identify(.) by extension 'colcon_pkg'
[0.280s] Level 1:colcon.colcon_core.package_identification:_identify(.) by extensions ['colcon_meta']
[0.280s] Level 1:colcon.colcon_core.package_identification:_identify(.) by extension 'colcon_meta'
[0.280s] Level 1:colcon.colcon_core.package_identification:_identify(.) by extensions ['ros']
[0.280s] Level 1:colcon.colcon_core.package_identification:_identify(.) by extension 'ros'
[0.290s] Level 1:colcon.colcon_core.package_identification:_identify(.) by extensions ['cmake', 'python']
[0.290s] Level 1:colcon.colcon_core.package_identification:_identify(.) by extension 'cmake'
[0.290s] Level 1:colcon.colcon_core.package_identification:_identify(.) by extension 'python'
[0.290s] Level 1:colcon.colcon_core.package_identification:_identify(.) by extensions ['python_setup_py']
[0.290s] Level 1:colcon.colcon_core.package_identification:_identify(.) by extension 'python_setup_py'
[0.290s] Level 1:colcon.colcon_core.package_identification:_identify(build) by extensions ['ignore', 'ignore_ament_install']
[0.290s] Level 1:colcon.colcon_core.package_identification:_identify(build) by extension 'ignore'
[0.291s] Level 1:colcon.colcon_core.package_identification:_identify(build) ignored
[0.291s] Level 1:colcon.colcon_core.package_identification:_identify(install) by extensions ['ignore', 'ignore_ament_install']
[0.291s] Level 1:colcon.colcon_core.package_identification:_identify(install) by extension 'ignore'
[0.291s] Level 1:colcon.colcon_core.package_identification:_identify(install) ignored
[0.291s] Level 1:colcon.colcon_core.package_identification:_identify(log) by extensions ['ignore', 'ignore_ament_install']
[0.291s] Level 1:colcon.colcon_core.package_identification:_identify(log) by extension 'ignore'
[0.291s] Level 1:colcon.colcon_core.package_identification:_identify(log) ignored
[0.291s] Level 1:colcon.colcon_core.package_identification:_identify(models) by extensions ['ignore', 'ignore_ament_install']
[0.291s] Level 1:colcon.colcon_core.package_identification:_identify(models) by extension 'ignore'
[0.291s] Level 1:colcon.colcon_core.package_identification:_identify(models) by extension 'ignore_ament_install'
[0.291s] Level 1:colcon.colcon_core.package_identification:_identify(models) by extensions ['colcon_pkg']
[0.291s] Level 1:colcon.colcon_core.package_identification:_identify(models) by extension 'colcon_pkg'
[0.291s] Level 1:colcon.colcon_core.package_identification:_identify(models) by extensions ['colcon_meta']
[0.291s] Level 1:colcon.colcon_core.package_identification:_identify(models) by extension 'colcon_meta'
[0.291s] Level 1:colcon.colcon_core.package_identification:_identify(models) by extensions ['ros']
[0.291s] Level 1:colcon.colcon_core.package_identification:_identify(models) by extension 'ros'
[0.291s] Level 1:colcon.colcon_core.package_identification:_identify(models) by extensions ['cmake', 'python']
[0.291s] Level 1:colcon.colcon_core.package_identification:_identify(models) by extension 'cmake'
[0.291s] Level 1:colcon.colcon_core.package_identification:_identify(models) by extension 'python'
[0.292s] Level 1:colcon.colcon_core.package_identification:_identify(models) by extensions ['python_setup_py']
[0.292s] Level 1:colcon.colcon_core.package_identification:_identify(models) by extension 'python_setup_py'
[0.292s] Level 1:colcon.colcon_core.package_identification:_identify(src) by extensions ['ignore', 'ignore_ament_install']
[0.292s] Level 1:colcon.colcon_core.package_identification:_identify(src) by extension 'ignore'
[0.292s] Level 1:colcon.colcon_core.package_identification:_identify(src) by extension 'ignore_ament_install'
[0.292s] Level 1:colcon.colcon_core.package_identification:_identify(src) by extensions ['colcon_pkg']
[0.292s] Level 1:colcon.colcon_core.package_identification:_identify(src) by extension 'colcon_pkg'
[0.292s] Level 1:colcon.colcon_core.package_identification:_identify(src) by extensions ['colcon_meta']
[0.292s] Level 1:colcon.colcon_core.package_identification:_identify(src) by extension 'colcon_meta'
[0.292s] Level 1:colcon.colcon_core.package_identification:_identify(src) by extensions ['ros']
[0.292s] Level 1:colcon.colcon_core.package_identification:_identify(src) by extension 'ros'
[0.292s] Level 1:colcon.colcon_core.package_identification:_identify(src) by extensions ['cmake', 'python']
[0.292s] Level 1:colcon.colcon_core.package_identification:_identify(src) by extension 'cmake'
[0.292s] Level 1:colcon.colcon_core.package_identification:_identify(src) by extension 'python'
[0.292s] Level 1:colcon.colcon_core.package_identification:_identify(src) by extensions ['python_setup_py']
[0.292s] Level 1:colcon.colcon_core.package_identification:_identify(src) by extension 'python_setup_py'
[0.292s] Level 1:colcon.colcon_core.package_identification:_identify(src/niihan_description) by extensions ['ignore', 'ignore_ament_install']
[0.292s] Level 1:colcon.colcon_core.package_identification:_identify(src/niihan_description) by extension 'ignore'
[0.292s] Level 1:colcon.colcon_core.package_identification:_identify(src/niihan_description) by extension 'ignore_ament_install'
[0.292s] Level 1:colcon.colcon_core.package_identification:_identify(src/niihan_description) by extensions ['colcon_pkg']
[0.292s] Level 1:colcon.colcon_core.package_identification:_identify(src/niihan_description) by extension 'colcon_pkg'
[0.292s] Level 1:colcon.colcon_core.package_identification:_identify(src/niihan_description) by extensions ['colcon_meta']
[0.292s] Level 1:colcon.colcon_core.package_identification:_identify(src/niihan_description) by extension 'colcon_meta'
[0.292s] Level 1:colcon.colcon_core.package_identification:_identify(src/niihan_description) by extensions ['ros']
[0.292s] Level 1:colcon.colcon_core.package_identification:_identify(src/niihan_description) by extension 'ros'
[0.296s] DEBUG:colcon.colcon_core.package_identification:Package 'src/niihan_description' with type 'ros.ament_python' and name 'niihan_description'
[0.296s] Level 1:colcon.colcon_core.package_discovery:discover_packages(recursive) using defaults
[0.296s] Level 1:colcon.colcon_core.package_discovery:discover_packages(ignore) discover
[0.296s] Level 1:colcon.colcon_core.package_discovery:discover_packages(ignore) using defaults
[0.296s] Level 1:colcon.colcon_core.package_discovery:discover_packages(path) discover
[0.296s] Level 1:colcon.colcon_core.package_discovery:discover_packages(path) using defaults
[0.335s] Level 1:colcon.colcon_core.package_discovery:discover_packages(prefix_path) check parameters
[0.335s] Level 1:colcon.colcon_core.package_discovery:discover_packages(prefix_path) discover
[0.338s] DEBUG:colcon.colcon_installed_package_information.package_discovery:Found 342 installed packages in /opt/ros/humble
[0.339s] Level 1:colcon.colcon_core.package_discovery:discover_packages(prefix_path) using defaults
[0.383s] Level 5:colcon.colcon_core.verb:set package 'niihan_description' build argument 'cmake_args' from command line to 'None'
[0.383s] Level 5:colcon.colcon_core.verb:set package 'niihan_description' build argument 'cmake_target' from command line to 'None'
[0.383s] Level 5:colcon.colcon_core.verb:set package 'niihan_description' build argument 'cmake_target_skip_unavailable' from command line to 'False'
[0.383s] Level 5:colcon.colcon_core.verb:set package 'niihan_description' build argument 'cmake_clean_cache' from command line to 'False'
[0.383s] Level 5:colcon.colcon_core.verb:set package 'niihan_description' build argument 'cmake_clean_first' from command line to 'False'
[0.383s] Level 5:colcon.colcon_core.verb:set package 'niihan_description' build argument 'cmake_force_configure' from command line to 'False'
[0.383s] Level 5:colcon.colcon_core.verb:set package 'niihan_description' build argument 'ament_cmake_args' from command line to 'None'
[0.383s] Level 5:colcon.colcon_core.verb:set package 'niihan_description' build argument 'catkin_cmake_args' from command line to 'None'
[0.383s] Level 5:colcon.colcon_core.verb:set package 'niihan_description' build argument 'catkin_skip_building_tests' from command line to 'False'
[0.383s] DEBUG:colcon.colcon_core.verb:Building package 'niihan_description' with the following arguments: {'ament_cmake_args': None, 'build_base': '/home/praj/niihan_ws/build/niihan_description', 'catkin_cmake_args': None, 'catkin_skip_building_tests': False, 'cmake_args': None, 'cmake_clean_cache': False, 'cmake_clean_first': False, 'cmake_force_configure': False, 'cmake_target': None, 'cmake_target_skip_unavailable': False, 'install_base': '/home/praj/niihan_ws/install/niihan_description', 'merge_install': False, 'path': '/home/praj/niihan_ws/src/niihan_description', 'symlink_install': True, 'test_result_base': None}
[0.383s] INFO:colcon.colcon_core.executor:Executing jobs using 'parallel' executor
[0.384s] DEBUG:colcon.colcon_parallel_executor.executor.parallel:run_until_complete
[0.384s] INFO:colcon.colcon_ros.task.ament_python.build:Building ROS package in '/home/praj/niihan_ws/src/niihan_description' with build type 'ament_python'
[0.384s] Level 1:colcon.colcon_core.shell:create_environment_hook('niihan_description', 'ament_prefix_path')
[0.386s] INFO:colcon.colcon_core.plugin_system:Skipping extension 'colcon_core.shell.bat': Not used on non-Windows systems
[0.387s] INFO:colcon.colcon_core.shell:Creating environment hook '/home/praj/niihan_ws/install/niihan_description/share/niihan_description/hook/ament_prefix_path.ps1'
[0.388s] INFO:colcon.colcon_core.shell:Creating environment descriptor '/home/praj/niihan_ws/install/niihan_description/share/niihan_description/hook/ament_prefix_path.dsv'
[0.388s] INFO:colcon.colcon_core.shell:Creating environment hook '/home/praj/niihan_ws/install/niihan_description/share/niihan_description/hook/ament_prefix_path.sh'
[0.389s] INFO:colcon.colcon_core.shell:Skip shell extension 'powershell' for command environment: Not usable outside of PowerShell
[0.389s] DEBUG:colcon.colcon_core.shell:Skip shell extension 'dsv' for command environment
[0.645s] INFO:colcon.colcon_core.task.python.build:Building Python package in '/home/praj/niihan_ws/src/niihan_description'
[0.646s] INFO:colcon.colcon_core.shell:Skip shell extension 'powershell' for command environment: Not usable outside of PowerShell
[0.646s] DEBUG:colcon.colcon_core.shell:Skip shell extension 'dsv' for command environment
[0.994s] DEBUG:colcon.colcon_core.task.python.build:Available setuptools commands: install_egg_info, install_data, bdist_egg, upload, clean, bdist_dumb, easy_install, register, sdist, test, build_ext, bdist, bdist_rpm, build_py, upload_docs, rotate, build_scripts, install_lib, setopt, develop, symlink_data, check, build, dist_info, saveopts, alias, install_headers, install_scripts, build_clib, install, egg_info
[1.299s] DEBUG:colcon.colcon_core.task.python.build:Available setuptools 'develop' options: --local-snapshots-ok, --record, --help, --egg-path, --always-unzip, --index-url, --zip-ok, --no-user-cfg, --no-find-links, --verbose, --multi-version, --script-dir, --build-directory, --site-dirs, --user, --upgrade, --allow-hosts, --prefix, --quiet, --dry-run, --find-links, --always-copy, --install-dir, --version, --no-deps, --optimize, --force-installation-into-system-dir, --install-layout, --exclude-scripts, --editable, --uninstall
[1.302s] DEBUG:colcon.colcon_core.event_handler.log_command:Invoking command in '/home/praj/niihan_ws/build/niihan_description': PYTHONPATH=/home/praj/niihan_ws/build/niihan_description/prefix_override:/usr/lib/python3/dist-packages/colcon_core/task/python/colcon_distutils_commands:/home/praj/niihan_ws/install/niihan_description/lib/python3.10/site-packages:${PYTHONPATH} /usr/bin/python3 -W ignore:setup.py install is deprecated -W ignore:easy_install command is deprecated setup.py develop --editable --build-directory /home/praj/niihan_ws/build/niihan_description/build --no-deps symlink_data
[1.756s] Level 1:colcon.colcon_core.shell:create_environment_hook('niihan_description', 'pythonpath_develop')
[1.756s] INFO:colcon.colcon_core.shell:Creating environment hook '/home/praj/niihan_ws/build/niihan_description/share/niihan_description/hook/pythonpath_develop.ps1'
[1.757s] DEBUG:colcon.colcon_core.event_handler.log_command:Invoked command in '/home/praj/niihan_ws/build/niihan_description' returned '0': PYTHONPATH=/home/praj/niihan_ws/build/niihan_description/prefix_override:/usr/lib/python3/dist-packages/colcon_core/task/python/colcon_distutils_commands:/home/praj/niihan_ws/install/niihan_description/lib/python3.10/site-packages:${PYTHONPATH} /usr/bin/python3 -W ignore:setup.py install is deprecated -W ignore:easy_install command is deprecated setup.py develop --editable --build-directory /home/praj/niihan_ws/build/niihan_description/build --no-deps symlink_data
[1.757s] INFO:colcon.colcon_core.shell:Creating environment descriptor '/home/praj/niihan_ws/build/niihan_description/share/niihan_description/hook/pythonpath_develop.dsv'
[1.758s] INFO:colcon.colcon_core.shell:Creating environment hook '/home/praj/niihan_ws/build/niihan_description/share/niihan_description/hook/pythonpath_develop.sh'
[1.760s] Level 1:colcon.colcon_core.environment:checking '/home/praj/niihan_ws/install/niihan_description' for CMake module files
[1.760s] Level 1:colcon.colcon_core.environment:checking '/home/praj/niihan_ws/install/niihan_description' for CMake config files
[1.761s] Level 1:colcon.colcon_core.environment:checking '/home/praj/niihan_ws/install/niihan_description/lib'
[1.761s] Level 1:colcon.colcon_core.environment:checking '/home/praj/niihan_ws/install/niihan_description/bin'
[1.761s] Level 1:colcon.colcon_core.environment:checking '/home/praj/niihan_ws/install/niihan_description/lib/pkgconfig/niihan_description.pc'
[1.761s] Level 1:colcon.colcon_core.environment:checking '/home/praj/niihan_ws/install/niihan_description/lib/python3.10/site-packages'
[1.761s] Level 1:colcon.colcon_core.shell:create_environment_hook('niihan_description', 'pythonpath')
[1.761s] INFO:colcon.colcon_core.shell:Creating environment hook '/home/praj/niihan_ws/install/niihan_description/share/niihan_description/hook/pythonpath.ps1'
[1.762s] INFO:colcon.colcon_core.shell:Creating environment descriptor '/home/praj/niihan_ws/install/niihan_description/share/niihan_description/hook/pythonpath.dsv'
[1.762s] INFO:colcon.colcon_core.shell:Creating environment hook '/home/praj/niihan_ws/install/niihan_description/share/niihan_description/hook/pythonpath.sh'
[1.763s] Level 1:colcon.colcon_core.environment:checking '/home/praj/niihan_ws/install/niihan_description/bin'
[1.763s] Level 1:colcon.colcon_core.environment:create_environment_scripts_only(niihan_description)
[1.763s] INFO:colcon.colcon_core.shell:Creating package script '/home/praj/niihan_ws/install/niihan_description/share/niihan_description/package.ps1'
[1.764s] INFO:colcon.colcon_core.shell:Creating package descriptor '/home/praj/niihan_ws/install/niihan_description/share/niihan_description/package.dsv'
[1.765s] INFO:colcon.colcon_core.shell:Creating package script '/home/praj/niihan_ws/install/niihan_description/share/niihan_description/package.sh'
[1.766s] INFO:colcon.colcon_core.shell:Creating package script '/home/praj/niihan_ws/install/niihan_description/share/niihan_description/package.bash'
[1.766s] INFO:colcon.colcon_core.shell:Creating package script '/home/praj/niihan_ws/install/niihan_description/share/niihan_description/package.zsh'
[1.767s] Level 1:colcon.colcon_core.environment:create_file_with_runtime_dependencies(/home/praj/niihan_ws/install/niihan_description/share/colcon-core/packages/niihan_description)
[1.767s] DEBUG:colcon.colcon_parallel_executor.executor.parallel:closing loop
[1.768s] DEBUG:colcon.colcon_parallel_executor.executor.parallel:loop closed
[1.768s] DEBUG:colcon.colcon_parallel_executor.executor.parallel:run_until_complete finished with '0'
[1.768s] DEBUG:colcon.colcon_core.event_reactor:joining thread
[1.773s] INFO:colcon.colcon_core.plugin_system:Skipping extension 'colcon_notification.desktop_notification.terminal_notifier': Not used on non-Darwin systems
[1.773s] INFO:colcon.colcon_core.plugin_system:Skipping extension 'colcon_notification.desktop_notification.win32': Not used on non-Windows systems
[1.773s] INFO:colcon.colcon_notification.desktop_notification:Sending desktop notification using 'notify2'
[1.780s] DEBUG:colcon.colcon_core.event_reactor:joined thread
[1.780s] INFO:colcon.colcon_core.shell:Creating prefix script '/home/praj/niihan_ws/install/local_setup.ps1'
[1.781s] INFO:colcon.colcon_core.shell:Creating prefix util module '/home/praj/niihan_ws/install/_local_setup_util_ps1.py'
[1.782s] INFO:colcon.colcon_core.shell:Creating prefix chain script '/home/praj/niihan_ws/install/setup.ps1'
[1.784s] INFO:colcon.colcon_core.shell:Creating prefix script '/home/praj/niihan_ws/install/local_setup.sh'
[1.784s] INFO:colcon.colcon_core.shell:Creating prefix util module '/home/praj/niihan_ws/install/_local_setup_util_sh.py'
[1.784s] INFO:colcon.colcon_core.shell:Creating prefix chain script '/home/praj/niihan_ws/install/setup.sh'
[1.785s] INFO:colcon.colcon_core.shell:Creating prefix script '/home/praj/niihan_ws/install/local_setup.bash'
[1.786s] INFO:colcon.colcon_core.shell:Creating prefix chain script '/home/praj/niihan_ws/install/setup.bash'
[1.786s] INFO:colcon.colcon_core.shell:Creating prefix script '/home/praj/niihan_ws/install/local_setup.zsh'
[1.787s] INFO:colcon.colcon_core.shell:Creating prefix chain script '/home/praj/niihan_ws/install/setup.zsh'
