[0.385s] Invoking command in '/home/praj/niihan_ws/build/niihan_description': PYTHONPATH=/home/praj/niihan_ws/build/niihan_description/prefix_override:/usr/lib/python3/dist-packages/colcon_core/task/python/colcon_distutils_commands:/home/praj/niihan_ws/install/niihan_description/lib/python3.10/site-packages:${PYTHONPATH} /usr/bin/python3 -W ignore:setup.py install is deprecated -W ignore:easy_install command is deprecated setup.py develop --uninstall --editable --build-directory /home/praj/niihan_ws/build/niihan_description/build
[0.540s] running develop
[0.637s] Removing /home/praj/niihan_ws/install/niihan_description/lib/python3.10/site-packages/niihan-description.egg-link (link to .)
[0.654s] Invoked command in '/home/praj/niihan_ws/build/niihan_description' returned '0': PYTHONPATH=/home/praj/niihan_ws/build/niihan_description/prefix_override:/usr/lib/python3/dist-packages/colcon_core/task/python/colcon_distutils_commands:/home/praj/niihan_ws/install/niihan_description/lib/python3.10/site-packages:${PYTHONPATH} /usr/bin/python3 -W ignore:setup.py install is deprecated -W ignore:easy_install command is deprecated setup.py develop --uninstall --editable --build-directory /home/praj/niihan_ws/build/niihan_description/build
[0.654s] Invoking command in '/home/praj/niihan_ws/src/niihan_description': PYTHONPATH=/home/praj/niihan_ws/build/niihan_description/prefix_override:/usr/lib/python3/dist-packages/colcon_core/task/python/colcon_distutils_commands:/home/praj/niihan_ws/install/niihan_description/lib/python3.10/site-packages:${PYTHONPATH} /usr/bin/python3 -W ignore:setup.py install is deprecated -W ignore:easy_install command is deprecated setup.py egg_info --egg-base ../../build/niihan_description build --build-base /home/praj/niihan_ws/build/niihan_description/build install --record /home/praj/niihan_ws/build/niihan_description/install.log --install-scripts $base/lib/niihan_description --single-version-externally-managed install_data --force
[0.784s] running egg_info
[0.784s] writing ../../build/niihan_description/niihan_description.egg-info/PKG-INFO
[0.784s] writing dependency_links to ../../build/niihan_description/niihan_description.egg-info/dependency_links.txt
[0.784s] writing entry points to ../../build/niihan_description/niihan_description.egg-info/entry_points.txt
[0.784s] writing requirements to ../../build/niihan_description/niihan_description.egg-info/requires.txt
[0.784s] writing top-level names to ../../build/niihan_description/niihan_description.egg-info/top_level.txt
[0.786s] reading manifest file '../../build/niihan_description/niihan_description.egg-info/SOURCES.txt'
[0.788s] writing manifest file '../../build/niihan_description/niihan_description.egg-info/SOURCES.txt'
[0.788s] running build
[0.788s] running build_py
[0.789s] copying niihan_description/patrol_controller.py -> /home/praj/niihan_ws/build/niihan_description/build/lib/niihan_description
[0.789s] running install
[0.789s] running install_lib
[0.790s] creating /home/praj/niihan_ws/install/niihan_description/lib/python3.10/site-packages/niihan_description
[0.790s] copying /home/praj/niihan_ws/build/niihan_description/build/lib/niihan_description/patrol_controller.py -> /home/praj/niihan_ws/install/niihan_description/lib/python3.10/site-packages/niihan_description
[0.790s] copying /home/praj/niihan_ws/build/niihan_description/build/lib/niihan_description/niihan_description_node.py -> /home/praj/niihan_ws/install/niihan_description/lib/python3.10/site-packages/niihan_description
[0.791s] copying /home/praj/niihan_ws/build/niihan_description/build/lib/niihan_description/__init__.py -> /home/praj/niihan_ws/install/niihan_description/lib/python3.10/site-packages/niihan_description
[0.791s] byte-compiling /home/praj/niihan_ws/install/niihan_description/lib/python3.10/site-packages/niihan_description/patrol_controller.py to patrol_controller.cpython-310.pyc
[0.792s] byte-compiling /home/praj/niihan_ws/install/niihan_description/lib/python3.10/site-packages/niihan_description/niihan_description_node.py to niihan_description_node.cpython-310.pyc
[0.792s] byte-compiling /home/praj/niihan_ws/install/niihan_description/lib/python3.10/site-packages/niihan_description/__init__.py to __init__.cpython-310.pyc
[0.792s] running install_data
[0.792s] copying resource/niihan_description -> /home/praj/niihan_ws/install/niihan_description/share/ament_index/resource_index/packages
[0.793s] copying package.xml -> /home/praj/niihan_ws/install/niihan_description/share/niihan_description
[0.793s] copying launch/niihan_description.launch.py -> /home/praj/niihan_ws/install/niihan_description/share/niihan_description/launch
[0.794s] copying launch/niihan_mapping.launch.py -> /home/praj/niihan_ws/install/niihan_description/share/niihan_description/launch
[0.794s] copying launch/niihan_gazebo.launch.py -> /home/praj/niihan_ws/install/niihan_description/share/niihan_description/launch
[0.794s] copying launch/mapping.launch.py -> /home/praj/niihan_ws/install/niihan_description/share/niihan_description/launch
[0.795s] copying launch/gazebo.launch.py -> /home/praj/niihan_ws/install/niihan_description/share/niihan_description/launch
[0.795s] copying config/scenarios.yaml -> /home/praj/niihan_ws/install/niihan_description/share/niihan_description/config
[0.796s] copying config/nav2_params.yaml -> /home/praj/niihan_ws/install/niihan_description/share/niihan_description/config
[0.796s] copying config/slam_toolbox_params.yaml -> /home/praj/niihan_ws/install/niihan_description/share/niihan_description/config
[0.797s] copying config/niihan_description_params.yaml -> /home/praj/niihan_ws/install/niihan_description/share/niihan_description/config
[0.797s] copying rviz/niihan_mapping.rviz -> /home/praj/niihan_ws/install/niihan_description/share/niihan_description/rviz
[0.798s] copying urdf/niihan_sensors_mast.xacro -> /home/praj/niihan_ws/install/niihan_description/share/niihan_description/urdf
[0.798s] copying urdf/niihan_properties.xacro -> /home/praj/niihan_ws/install/niihan_description/share/niihan_description/urdf
[0.799s] copying urdf/niihan_macros.xacro -> /home/praj/niihan_ws/install/niihan_description/share/niihan_description/urdf
[0.799s] copying urdf/robot.urdf -> /home/praj/niihan_ws/install/niihan_description/share/niihan_description/urdf
[0.800s] copying urdf/niihan_chassis.xacro -> /home/praj/niihan_ws/install/niihan_description/share/niihan_description/urdf
[0.800s] copying urdf/niihan_mast.xacro -> /home/praj/niihan_ws/install/niihan_description/share/niihan_description/urdf
[0.801s] copying urdf/niihan.urdf.xacro -> /home/praj/niihan_ws/install/niihan_description/share/niihan_description/urdf
[0.801s] copying urdf/niihan_sensors_chassis.xacro -> /home/praj/niihan_ws/install/niihan_description/share/niihan_description/urdf
[0.802s] copying models/robot.urdf -> /home/praj/niihan_ws/install/niihan_description/share/niihan_description/models
[0.802s] copying worlds/sonoma_raceway.world -> /home/praj/niihan_ws/install/niihan_description/share/niihan_description/worlds
[0.803s] copying worlds/niihan_patrol_base.world -> /home/praj/niihan_ws/install/niihan_description/share/niihan_description/worlds
[0.803s] copying scripts/run_scenario_sweep.py -> /home/praj/niihan_ws/install/niihan_description/share/niihan_description/scripts
[0.804s] running install_egg_info
[0.806s] Copying ../../build/niihan_description/niihan_description.egg-info to /home/praj/niihan_ws/install/niihan_description/lib/python3.10/site-packages/niihan_description-0.1.0-py3.10.egg-info
[0.806s] running install_scripts
[0.819s] Installing niihan_description_node script to /home/praj/niihan_ws/install/niihan_description/lib/niihan_description
[0.819s] Installing patrol_controller script to /home/praj/niihan_ws/install/niihan_description/lib/niihan_description
[0.819s] writing list of installed files to '/home/praj/niihan_ws/build/niihan_description/install.log'
[0.837s] Invoked command in '/home/praj/niihan_ws/src/niihan_description' returned '0': PYTHONPATH=/home/praj/niihan_ws/build/niihan_description/prefix_override:/usr/lib/python3/dist-packages/colcon_core/task/python/colcon_distutils_commands:/home/praj/niihan_ws/install/niihan_description/lib/python3.10/site-packages:${PYTHONPATH} /usr/bin/python3 -W ignore:setup.py install is deprecated -W ignore:easy_install command is deprecated setup.py egg_info --egg-base ../../build/niihan_description build --build-base /home/praj/niihan_ws/build/niihan_description/build install --record /home/praj/niihan_ws/build/niihan_description/install.log --install-scripts $base/lib/niihan_description --single-version-externally-managed install_data --force
