[0.314s] Invoking command in '/home/praj/niihan_ws/src/niihan_description': PYTHONPATH=/home/praj/niihan_ws/build/niihan_description/prefix_override:/usr/lib/python3/dist-packages/colcon_core/task/python/colcon_distutils_commands:/home/praj/niihan_ws/install/niihan_description/lib/python3.10/site-packages:${PYTHONPATH} /usr/bin/python3 -W ignore:setup.py install is deprecated -W ignore:easy_install command is deprecated setup.py egg_info --egg-base ../../build/niihan_description build --build-base /home/praj/niihan_ws/build/niihan_description/build install --record /home/praj/niihan_ws/build/niihan_description/install.log --install-scripts $base/lib/niihan_description --single-version-externally-managed install_data
[0.434s] running egg_info
[0.434s] writing ../../build/niihan_description/niihan_description.egg-info/PKG-INFO
[0.434s] writing dependency_links to ../../build/niihan_description/niihan_description.egg-info/dependency_links.txt
[0.435s] writing entry points to ../../build/niihan_description/niihan_description.egg-info/entry_points.txt
[0.435s] writing requirements to ../../build/niihan_description/niihan_description.egg-info/requires.txt
[0.435s] writing top-level names to ../../build/niihan_description/niihan_description.egg-info/top_level.txt
[0.436s] reading manifest file '../../build/niihan_description/niihan_description.egg-info/SOURCES.txt'
[0.436s] writing manifest file '../../build/niihan_description/niihan_description.egg-info/SOURCES.txt'
[0.436s] running build
[0.436s] running build_py
[0.436s] running install
[0.436s] running install_lib
[0.438s] running install_data
[0.438s] copying worlds/niihan_patrol_base.world -> /home/praj/niihan_ws/install/niihan_description/share/niihan_description/worlds
[0.438s] running install_egg_info
[0.439s] removing '/home/praj/niihan_ws/install/niihan_description/lib/python3.10/site-packages/niihan_description-0.1.0-py3.10.egg-info' (and everything under it)
[0.439s] Copying ../../build/niihan_description/niihan_description.egg-info to /home/praj/niihan_ws/install/niihan_description/lib/python3.10/site-packages/niihan_description-0.1.0-py3.10.egg-info
[0.439s] running install_scripts
[0.451s] Installing niihan_description_node script to /home/praj/niihan_ws/install/niihan_description/lib/niihan_description
[0.451s] Installing patrol_controller script to /home/praj/niihan_ws/install/niihan_description/lib/niihan_description
[0.451s] writing list of installed files to '/home/praj/niihan_ws/build/niihan_description/install.log'
[0.463s] Invoked command in '/home/praj/niihan_ws/src/niihan_description' returned '0': PYTHONPATH=/home/praj/niihan_ws/build/niihan_description/prefix_override:/usr/lib/python3/dist-packages/colcon_core/task/python/colcon_distutils_commands:/home/praj/niihan_ws/install/niihan_description/lib/python3.10/site-packages:${PYTHONPATH} /usr/bin/python3 -W ignore:setup.py install is deprecated -W ignore:easy_install command is deprecated setup.py egg_info --egg-base ../../build/niihan_description build --build-base /home/praj/niihan_ws/build/niihan_description/build install --record /home/praj/niihan_ws/build/niihan_description/install.log --install-scripts $base/lib/niihan_description --single-version-externally-managed install_data
