[0.344s] Invoking command in '/home/praj/niihan_ws/build/niihan_description': PYTHONPATH=/home/praj/niihan_ws/build/niihan_description/prefix_override:/usr/lib/python3/dist-packages/colcon_core/task/python/colcon_distutils_commands:/home/praj/niihan_ws/install/niihan_description/lib/python3.10/site-packages:${PYTHONPATH} /usr/bin/python3 -W ignore:setup.py install is deprecated -W ignore:easy_install command is deprecated setup.py develop --uninstall --editable --build-directory /home/praj/niihan_ws/build/niihan_description/build
[0.498s] running develop
[0.593s] Removing /home/praj/niihan_ws/install/niihan_description/lib/python3.10/site-packages/niihan-description.egg-link (link to .)
[0.613s] Invoked command in '/home/praj/niihan_ws/build/niihan_description' returned '0': PYTHONPATH=/home/praj/niihan_ws/build/niihan_description/prefix_override:/usr/lib/python3/dist-packages/colcon_core/task/python/colcon_distutils_commands:/home/praj/niihan_ws/install/niihan_description/lib/python3.10/site-packages:${PYTHONPATH} /usr/bin/python3 -W ignore:setup.py install is deprecated -W ignore:easy_install command is deprecated setup.py develop --uninstall --editable --build-directory /home/praj/niihan_ws/build/niihan_description/build
[0.614s] Invoking command in '/home/praj/niihan_ws/src/niihan_description': PYTHONPATH=/home/praj/niihan_ws/build/niihan_description/prefix_override:/usr/lib/python3/dist-packages/colcon_core/task/python/colcon_distutils_commands:/home/praj/niihan_ws/install/niihan_description/lib/python3.10/site-packages:${PYTHONPATH} /usr/bin/python3 -W ignore:setup.py install is deprecated -W ignore:easy_install command is deprecated setup.py egg_info --egg-base ../../build/niihan_description build --build-base /home/praj/niihan_ws/build/niihan_description/build install --record /home/praj/niihan_ws/build/niihan_description/install.log --install-scripts $base/lib/niihan_description --single-version-externally-managed install_data --force
[0.746s] running egg_info
[0.747s] writing ../../build/niihan_description/niihan_description.egg-info/PKG-INFO
[0.747s] writing dependency_links to ../../build/niihan_description/niihan_description.egg-info/dependency_links.txt
[0.747s] writing entry points to ../../build/niihan_description/niihan_description.egg-info/entry_points.txt
[0.747s] writing requirements to ../../build/niihan_description/niihan_description.egg-info/requires.txt
[0.747s] writing top-level names to ../../build/niihan_description/niihan_description.egg-info/top_level.txt
[0.748s] reading manifest file '../../build/niihan_description/niihan_description.egg-info/SOURCES.txt'
[0.749s] writing manifest file '../../build/niihan_description/niihan_description.egg-info/SOURCES.txt'
[0.749s] running build
[0.749s] running build_py
[0.749s] copying niihan_description/patrol_controller.py -> /home/praj/niihan_ws/build/niihan_description/build/lib/niihan_description
[0.749s] copying niihan_description/vortex_3d_mapper.py -> /home/praj/niihan_ws/build/niihan_description/build/lib/niihan_description
[0.749s] copying niihan_description/cliff_detector.py -> /home/praj/niihan_ws/build/niihan_description/build/lib/niihan_description
[0.749s] copying niihan_description/set_patrol_points.py -> /home/praj/niihan_ws/build/niihan_description/build/lib/niihan_description
[0.750s] copying niihan_description/differential_drive_controller.py -> /home/praj/niihan_ws/build/niihan_description/build/lib/niihan_description
[0.750s] copying niihan_description/teleop_mapping_keyboard.py -> /home/praj/niihan_ws/build/niihan_description/build/lib/niihan_description
[0.751s] copying niihan_description/teleop_mapping_terminal.py -> /home/praj/niihan_ws/build/niihan_description/build/lib/niihan_description
[0.751s] copying niihan_description/differential_drive.py -> /home/praj/niihan_ws/build/niihan_description/build/lib/niihan_description
[0.751s] copying niihan_description/waypoint_patrol.py -> /home/praj/niihan_ws/build/niihan_description/build/lib/niihan_description
[0.752s] running install
[0.752s] running install_lib
[0.753s] creating /home/praj/niihan_ws/install/niihan_description/lib/python3.10/site-packages/niihan_description
[0.753s] copying /home/praj/niihan_ws/build/niihan_description/build/lib/niihan_description/patrol_controller.py -> /home/praj/niihan_ws/install/niihan_description/lib/python3.10/site-packages/niihan_description
[0.753s] copying /home/praj/niihan_ws/build/niihan_description/build/lib/niihan_description/vortex_3d_mapper.py -> /home/praj/niihan_ws/install/niihan_description/lib/python3.10/site-packages/niihan_description
[0.753s] copying /home/praj/niihan_ws/build/niihan_description/build/lib/niihan_description/cliff_detector.py -> /home/praj/niihan_ws/install/niihan_description/lib/python3.10/site-packages/niihan_description
[0.753s] copying /home/praj/niihan_ws/build/niihan_description/build/lib/niihan_description/set_patrol_points.py -> /home/praj/niihan_ws/install/niihan_description/lib/python3.10/site-packages/niihan_description
[0.753s] copying /home/praj/niihan_ws/build/niihan_description/build/lib/niihan_description/differential_drive_controller.py -> /home/praj/niihan_ws/install/niihan_description/lib/python3.10/site-packages/niihan_description
[0.753s] copying /home/praj/niihan_ws/build/niihan_description/build/lib/niihan_description/teleop_mapping_keyboard.py -> /home/praj/niihan_ws/install/niihan_description/lib/python3.10/site-packages/niihan_description
[0.753s] copying /home/praj/niihan_ws/build/niihan_description/build/lib/niihan_description/teleop_mapping_terminal.py -> /home/praj/niihan_ws/install/niihan_description/lib/python3.10/site-packages/niihan_description
[0.753s] copying /home/praj/niihan_ws/build/niihan_description/build/lib/niihan_description/differential_drive.py -> /home/praj/niihan_ws/install/niihan_description/lib/python3.10/site-packages/niihan_description
[0.753s] copying /home/praj/niihan_ws/build/niihan_description/build/lib/niihan_description/waypoint_patrol.py -> /home/praj/niihan_ws/install/niihan_description/lib/python3.10/site-packages/niihan_description
[0.753s] copying /home/praj/niihan_ws/build/niihan_description/build/lib/niihan_description/niihan_description_node.py -> /home/praj/niihan_ws/install/niihan_description/lib/python3.10/site-packages/niihan_description
[0.753s] copying /home/praj/niihan_ws/build/niihan_description/build/lib/niihan_description/__init__.py -> /home/praj/niihan_ws/install/niihan_description/lib/python3.10/site-packages/niihan_description
[0.753s] byte-compiling /home/praj/niihan_ws/install/niihan_description/lib/python3.10/site-packages/niihan_description/patrol_controller.py to patrol_controller.cpython-310.pyc
[0.756s] byte-compiling /home/praj/niihan_ws/install/niihan_description/lib/python3.10/site-packages/niihan_description/vortex_3d_mapper.py to vortex_3d_mapper.cpython-310.pyc
[0.757s] byte-compiling /home/praj/niihan_ws/install/niihan_description/lib/python3.10/site-packages/niihan_description/cliff_detector.py to cliff_detector.cpython-310.pyc
[0.759s] byte-compiling /home/praj/niihan_ws/install/niihan_description/lib/python3.10/site-packages/niihan_description/set_patrol_points.py to set_patrol_points.cpython-310.pyc
[0.760s] byte-compiling /home/praj/niihan_ws/install/niihan_description/lib/python3.10/site-packages/niihan_description/differential_drive_controller.py to differential_drive_controller.cpython-310.pyc
[0.760s] byte-compiling /home/praj/niihan_ws/install/niihan_description/lib/python3.10/site-packages/niihan_description/teleop_mapping_keyboard.py to teleop_mapping_keyboard.cpython-310.pyc
[0.760s] byte-compiling /home/praj/niihan_ws/install/niihan_description/lib/python3.10/site-packages/niihan_description/teleop_mapping_terminal.py to teleop_mapping_terminal.cpython-310.pyc
[0.760s] byte-compiling /home/praj/niihan_ws/install/niihan_description/lib/python3.10/site-packages/niihan_description/differential_drive.py to differential_drive.cpython-310.pyc
[0.760s] byte-compiling /home/praj/niihan_ws/install/niihan_description/lib/python3.10/site-packages/niihan_description/waypoint_patrol.py to waypoint_patrol.cpython-310.pyc
[0.763s] byte-compiling /home/praj/niihan_ws/install/niihan_description/lib/python3.10/site-packages/niihan_description/niihan_description_node.py to niihan_description_node.cpython-310.pyc
[0.763s] byte-compiling /home/praj/niihan_ws/install/niihan_description/lib/python3.10/site-packages/niihan_description/__init__.py to __init__.cpython-310.pyc
[0.763s] running install_data
[0.763s] copying resource/niihan_description -> /home/praj/niihan_ws/install/niihan_description/share/ament_index/resource_index/packages
[0.763s] copying package.xml -> /home/praj/niihan_ws/install/niihan_description/share/niihan_description
[0.763s] copying launch/niihan_description.launch.py -> /home/praj/niihan_ws/install/niihan_description/share/niihan_description/launch
[0.764s] copying launch/niihan_mapping.launch.py -> /home/praj/niihan_ws/install/niihan_description/share/niihan_description/launch
[0.764s] copying launch/niihan_gazebo.launch.py -> /home/praj/niihan_ws/install/niihan_description/share/niihan_description/launch
[0.764s] copying launch/mapping.launch.py -> /home/praj/niihan_ws/install/niihan_description/share/niihan_description/launch
[0.764s] copying launch/teleop_mapping.launch.py -> /home/praj/niihan_ws/install/niihan_description/share/niihan_description/launch
[0.764s] copying launch/gazebo.launch.py -> /home/praj/niihan_ws/install/niihan_description/share/niihan_description/launch
[0.764s] copying config/scenarios.yaml -> /home/praj/niihan_ws/install/niihan_description/share/niihan_description/config
[0.764s] copying config/patrol_presets.yaml -> /home/praj/niihan_ws/install/niihan_description/share/niihan_description/config
[0.765s] copying config/nav2_params.yaml -> /home/praj/niihan_ws/install/niihan_description/share/niihan_description/config
[0.765s] copying config/slam_toolbox_params.yaml -> /home/praj/niihan_ws/install/niihan_description/share/niihan_description/config
[0.765s] copying config/niihan_description_params.yaml -> /home/praj/niihan_ws/install/niihan_description/share/niihan_description/config
[0.765s] copying rviz/niihan_mapping.rviz -> /home/praj/niihan_ws/install/niihan_description/share/niihan_description/rviz
[0.765s] copying urdf/niihan_sensors_mast.xacro -> /home/praj/niihan_ws/install/niihan_description/share/niihan_description/urdf
[0.765s] copying urdf/niihan_properties.xacro -> /home/praj/niihan_ws/install/niihan_description/share/niihan_description/urdf
[0.765s] copying urdf/niihan_macros.xacro -> /home/praj/niihan_ws/install/niihan_description/share/niihan_description/urdf
[0.765s] copying urdf/niihan_chassis.xacro -> /home/praj/niihan_ws/install/niihan_description/share/niihan_description/urdf
[0.765s] copying urdf/niihan_mast.xacro -> /home/praj/niihan_ws/install/niihan_description/share/niihan_description/urdf
[0.765s] copying urdf/niihan.urdf.xacro -> /home/praj/niihan_ws/install/niihan_description/share/niihan_description/urdf
[0.765s] copying urdf/niihan_sensors_chassis.xacro -> /home/praj/niihan_ws/install/niihan_description/share/niihan_description/urdf
[0.765s] copying worlds/sonoma_raceway.world -> /home/praj/niihan_ws/install/niihan_description/share/niihan_description/worlds
[0.765s] copying worlds/niihan_patrol_base.world -> /home/praj/niihan_ws/install/niihan_description/share/niihan_description/worlds
[0.765s] copying scripts/run_scenario_sweep.py -> /home/praj/niihan_ws/install/niihan_description/share/niihan_description/scripts
[0.765s] running install_egg_info
[0.767s] Copying ../../build/niihan_description/niihan_description.egg-info to /home/praj/niihan_ws/install/niihan_description/lib/python3.10/site-packages/niihan_description-0.1.0-py3.10.egg-info
[0.767s] running install_scripts
[0.780s] Installing cliff_detector script to /home/praj/niihan_ws/install/niihan_description/lib/niihan_description
[0.781s] Installing differential_drive_controller script to /home/praj/niihan_ws/install/niihan_description/lib/niihan_description
[0.781s] Installing niihan_description_node script to /home/praj/niihan_ws/install/niihan_description/lib/niihan_description
[0.781s] Installing patrol_controller script to /home/praj/niihan_ws/install/niihan_description/lib/niihan_description
[0.781s] Installing set_patrol_points script to /home/praj/niihan_ws/install/niihan_description/lib/niihan_description
[0.781s] Installing teleop_mapping_keyboard script to /home/praj/niihan_ws/install/niihan_description/lib/niihan_description
[0.781s] Installing teleop_mapping_terminal script to /home/praj/niihan_ws/install/niihan_description/lib/niihan_description
[0.781s] Installing vortex_3d_mapper script to /home/praj/niihan_ws/install/niihan_description/lib/niihan_description
[0.781s] Installing waypoint_patrol script to /home/praj/niihan_ws/install/niihan_description/lib/niihan_description
[0.781s] writing list of installed files to '/home/praj/niihan_ws/build/niihan_description/install.log'
[0.795s] Invoked command in '/home/praj/niihan_ws/src/niihan_description' returned '0': PYTHONPATH=/home/praj/niihan_ws/build/niihan_description/prefix_override:/usr/lib/python3/dist-packages/colcon_core/task/python/colcon_distutils_commands:/home/praj/niihan_ws/install/niihan_description/lib/python3.10/site-packages:${PYTHONPATH} /usr/bin/python3 -W ignore:setup.py install is deprecated -W ignore:easy_install command is deprecated setup.py egg_info --egg-base ../../build/niihan_description build --build-base /home/praj/niihan_ws/build/niihan_description/build install --record /home/praj/niihan_ws/build/niihan_description/install.log --install-scripts $base/lib/niihan_description --single-version-externally-managed install_data --force
