running develop
running egg_info
writing niihan_description.egg-info/PKG-INFO
writing dependency_links to niihan_description.egg-info/dependency_links.txt
writing entry points to niihan_description.egg-info/entry_points.txt
writing requirements to niihan_description.egg-info/requires.txt
writing top-level names to niihan_description.egg-info/top_level.txt
reading manifest file 'niihan_description.egg-info/SOURCES.txt'
writing manifest file 'niihan_description.egg-info/SOURCES.txt'
running build_ext
Creating /home/praj/niihan_ws/install/niihan_description/lib/python3.10/site-packages/niihan-description.egg-link (link to .)
Installing niihan_description_node script to /home/praj/niihan_ws/install/niihan_description/lib/niihan_description
Installing patrol_controller script to /home/praj/niihan_ws/install/niihan_description/lib/niihan_description

Installed /home/praj/niihan_ws/build/niihan_description
running symlink_data
symbolically linking /home/praj/niihan_ws/build/niihan_description/resource/niihan_description -> /home/praj/niihan_ws/install/niihan_description/share/ament_index/resource_index/packages
symbolically linking /home/praj/niihan_ws/build/niihan_description/package.xml -> /home/praj/niihan_ws/install/niihan_description/share/niihan_description
symbolically linking /home/praj/niihan_ws/build/niihan_description/launch/niihan_description.launch.py -> /home/praj/niihan_ws/install/niihan_description/share/niihan_description/launch
symbolically linking /home/praj/niihan_ws/build/niihan_description/launch/niihan_mapping.launch.py -> /home/praj/niihan_ws/install/niihan_description/share/niihan_description/launch
symbolically linking /home/praj/niihan_ws/build/niihan_description/launch/niihan_gazebo.launch.py -> /home/praj/niihan_ws/install/niihan_description/share/niihan_description/launch
symbolically linking /home/praj/niihan_ws/build/niihan_description/launch/mapping.launch.py -> /home/praj/niihan_ws/install/niihan_description/share/niihan_description/launch
symbolically linking /home/praj/niihan_ws/build/niihan_description/launch/gazebo.launch.py -> /home/praj/niihan_ws/install/niihan_description/share/niihan_description/launch
symbolically linking /home/praj/niihan_ws/build/niihan_description/config/scenarios.yaml -> /home/praj/niihan_ws/install/niihan_description/share/niihan_description/config
symbolically linking /home/praj/niihan_ws/build/niihan_description/config/nav2_params.yaml -> /home/praj/niihan_ws/install/niihan_description/share/niihan_description/config
symbolically linking /home/praj/niihan_ws/build/niihan_description/config/slam_toolbox_params.yaml -> /home/praj/niihan_ws/install/niihan_description/share/niihan_description/config
symbolically linking /home/praj/niihan_ws/build/niihan_description/config/niihan_description_params.yaml -> /home/praj/niihan_ws/install/niihan_description/share/niihan_description/config
symbolically linking /home/praj/niihan_ws/build/niihan_description/rviz/niihan_mapping.rviz -> /home/praj/niihan_ws/install/niihan_description/share/niihan_description/rviz
symbolically linking /home/praj/niihan_ws/build/niihan_description/urdf/niihan_sensors_mast.xacro -> /home/praj/niihan_ws/install/niihan_description/share/niihan_description/urdf
symbolically linking /home/praj/niihan_ws/build/niihan_description/urdf/niihan_properties.xacro -> /home/praj/niihan_ws/install/niihan_description/share/niihan_description/urdf
symbolically linking /home/praj/niihan_ws/build/niihan_description/urdf/niihan_macros.xacro -> /home/praj/niihan_ws/install/niihan_description/share/niihan_description/urdf
symbolically linking /home/praj/niihan_ws/build/niihan_description/urdf/robot.urdf -> /home/praj/niihan_ws/install/niihan_description/share/niihan_description/urdf
symbolically linking /home/praj/niihan_ws/build/niihan_description/urdf/niihan_chassis.xacro -> /home/praj/niihan_ws/install/niihan_description/share/niihan_description/urdf
symbolically linking /home/praj/niihan_ws/build/niihan_description/urdf/niihan_mast.xacro -> /home/praj/niihan_ws/install/niihan_description/share/niihan_description/urdf
symbolically linking /home/praj/niihan_ws/build/niihan_description/urdf/niihan.urdf.xacro -> /home/praj/niihan_ws/install/niihan_description/share/niihan_description/urdf
symbolically linking /home/praj/niihan_ws/build/niihan_description/urdf/niihan_sensors_chassis.xacro -> /home/praj/niihan_ws/install/niihan_description/share/niihan_description/urdf
symbolically linking /home/praj/niihan_ws/build/niihan_description/models/robot.urdf -> /home/praj/niihan_ws/install/niihan_description/share/niihan_description/models
symbolically linking /home/praj/niihan_ws/build/niihan_description/worlds/sonoma_raceway.world -> /home/praj/niihan_ws/install/niihan_description/share/niihan_description/worlds
symbolically linking /home/praj/niihan_ws/build/niihan_description/worlds/niihan_patrol_base.world -> /home/praj/niihan_ws/install/niihan_description/share/niihan_description/worlds
symbolically linking /home/praj/niihan_ws/build/niihan_description/scripts/run_scenario_sweep.py -> /home/praj/niihan_ws/install/niihan_description/share/niihan_description/scripts
