[0.538s] Invoking command in '/home/praj/niihan_ws/build/niihan_description': PYTHONPATH=/home/praj/niihan_ws/build/niihan_description/prefix_override:/usr/lib/python3/dist-packages/colcon_core/task/python/colcon_distutils_commands:/home/praj/niihan_ws/install/niihan_description/lib/python3.10/site-packages:${PYTHONPATH} /usr/bin/python3 -W ignore:setup.py install is deprecated -W ignore:easy_install command is deprecated setup.py develop --editable --build-directory /home/praj/niihan_ws/build/niihan_description/build --no-deps symlink_data
[0.693s] running develop
[0.787s] running egg_info
[0.788s] writing niihan_description.egg-info/PKG-INFO
[0.788s] writing dependency_links to niihan_description.egg-info/dependency_links.txt
[0.788s] writing entry points to niihan_description.egg-info/entry_points.txt
[0.788s] writing requirements to niihan_description.egg-info/requires.txt
[0.788s] writing top-level names to niihan_description.egg-info/top_level.txt
[0.789s] reading manifest file 'niihan_description.egg-info/SOURCES.txt'
[0.790s] writing manifest file 'niihan_description.egg-info/SOURCES.txt'
[0.791s] running build_ext
[0.791s] Creating /home/praj/niihan_ws/install/niihan_description/lib/python3.10/site-packages/niihan-description.egg-link (link to .)
[0.791s] Installing cliff_detector script to /home/praj/niihan_ws/install/niihan_description/lib/niihan_description
[0.791s] Installing differential_drive_controller script to /home/praj/niihan_ws/install/niihan_description/lib/niihan_description
[0.791s] Installing niihan_description_node script to /home/praj/niihan_ws/install/niihan_description/lib/niihan_description
[0.792s] Installing patrol_controller script to /home/praj/niihan_ws/install/niihan_description/lib/niihan_description
[0.792s] Installing set_patrol_points script to /home/praj/niihan_ws/install/niihan_description/lib/niihan_description
[0.792s] Installing teleop_mapping_keyboard script to /home/praj/niihan_ws/install/niihan_description/lib/niihan_description
[0.792s] Installing teleop_mapping_terminal script to /home/praj/niihan_ws/install/niihan_description/lib/niihan_description
[0.792s] Installing vortex_3d_mapper script to /home/praj/niihan_ws/install/niihan_description/lib/niihan_description
[0.792s] Installing waypoint_patrol script to /home/praj/niihan_ws/install/niihan_description/lib/niihan_description
[0.792s] 
[0.792s] Installed /home/praj/niihan_ws/build/niihan_description
[0.792s] running symlink_data
[0.792s] error: can't copy '/home/praj/niihan_ws/build/niihan_description/worlds/uneven_ground.world': doesn't exist or not a regular file
[0.810s] Invoked command in '/home/praj/niihan_ws/build/niihan_description' returned '1': PYTHONPATH=/home/praj/niihan_ws/build/niihan_description/prefix_override:/usr/lib/python3/dist-packages/colcon_core/task/python/colcon_distutils_commands:/home/praj/niihan_ws/install/niihan_description/lib/python3.10/site-packages:${PYTHONPATH} /usr/bin/python3 -W ignore:setup.py install is deprecated -W ignore:easy_install command is deprecated setup.py develop --editable --build-directory /home/praj/niihan_ws/build/niihan_description/build --no-deps symlink_data
