[0.503s] Invoking command in '/home/praj/niihan_ws/build/niihan_description': PYTHONPATH=/home/praj/niihan_ws/build/niihan_description/prefix_override:/usr/lib/python3/dist-packages/colcon_core/task/python/colcon_distutils_commands:/home/praj/niihan_ws/install/niihan_description/lib/python3.10/site-packages:${PYTHONPATH} /usr/bin/python3 -W ignore:setup.py install is deprecated -W ignore:easy_install command is deprecated setup.py develop --editable --build-directory /home/praj/niihan_ws/build/niihan_description/build --no-deps symlink_data
[0.647s] running develop
[0.735s] running egg_info
[0.735s] writing niihan_description.egg-info/PKG-INFO
[0.735s] writing dependency_links to niihan_description.egg-info/dependency_links.txt
[0.735s] writing entry points to niihan_description.egg-info/entry_points.txt
[0.735s] writing requirements to niihan_description.egg-info/requires.txt
[0.735s] writing top-level names to niihan_description.egg-info/top_level.txt
[0.736s] reading manifest file 'niihan_description.egg-info/SOURCES.txt'
[0.737s] writing manifest file 'niihan_description.egg-info/SOURCES.txt'
[0.738s] running build_ext
[0.738s] Creating /home/praj/niihan_ws/install/niihan_description/lib/python3.10/site-packages/niihan-description.egg-link (link to .)
[0.738s] Installing cliff_detector script to /home/praj/niihan_ws/install/niihan_description/lib/niihan_description
[0.738s] Installing niihan_description_node script to /home/praj/niihan_ws/install/niihan_description/lib/niihan_description
[0.739s] Installing patrol_controller script to /home/praj/niihan_ws/install/niihan_description/lib/niihan_description
[0.739s] Installing set_patrol_points script to /home/praj/niihan_ws/install/niihan_description/lib/niihan_description
[0.739s] Installing teleop_mapping_keyboard script to /home/praj/niihan_ws/install/niihan_description/lib/niihan_description
[0.739s] Installing teleop_mapping_terminal script to /home/praj/niihan_ws/install/niihan_description/lib/niihan_description
[0.739s] Installing vortex_3d_mapper script to /home/praj/niihan_ws/install/niihan_description/lib/niihan_description
[0.739s] Installing waypoint_patrol script to /home/praj/niihan_ws/install/niihan_description/lib/niihan_description
[0.739s] 
[0.739s] Installed /home/praj/niihan_ws/build/niihan_description
[0.739s] running symlink_data
[0.756s] Invoked command in '/home/praj/niihan_ws/build/niihan_description' returned '0': PYTHONPATH=/home/praj/niihan_ws/build/niihan_description/prefix_override:/usr/lib/python3/dist-packages/colcon_core/task/python/colcon_distutils_commands:/home/praj/niihan_ws/install/niihan_description/lib/python3.10/site-packages:${PYTHONPATH} /usr/bin/python3 -W ignore:setup.py install is deprecated -W ignore:easy_install command is deprecated setup.py develop --editable --build-directory /home/praj/niihan_ws/build/niihan_description/build --no-deps symlink_data
