running egg_info
writing ../../build/niihan_description/niihan_description.egg-info/PKG-INFO
writing dependency_links to ../../build/niihan_description/niihan_description.egg-info/dependency_links.txt
writing entry points to ../../build/niihan_description/niihan_description.egg-info/entry_points.txt
writing requirements to ../../build/niihan_description/niihan_description.egg-info/requires.txt
writing top-level names to ../../build/niihan_description/niihan_description.egg-info/top_level.txt
reading manifest file '../../build/niihan_description/niihan_description.egg-info/SOURCES.txt'
writing manifest file '../../build/niihan_description/niihan_description.egg-info/SOURCES.txt'
running build
running build_py
running install
running install_lib
running install_data
running install_egg_info
removing '/home/praj/niihan_ws/install/niihan_description/lib/python3.10/site-packages/niihan_description-0.1.0-py3.10.egg-info' (and everything under it)
Copying ../../build/niihan_description/niihan_description.egg-info to /home/praj/niihan_ws/install/niihan_description/lib/python3.10/site-packages/niihan_description-0.1.0-py3.10.egg-info
running install_scripts
Installing niihan_description_node script to /home/praj/niihan_ws/install/niihan_description/lib/niihan_description
Installing patrol_controller script to /home/praj/niihan_ws/install/niihan_description/lib/niihan_description
writing list of installed files to '/home/praj/niihan_ws/build/niihan_description/install.log'
