[0.474s] Invoking command in '/home/praj/niihan_ws/build/niihan_description': PYTHONPATH=/home/praj/niihan_ws/build/niihan_description/prefix_override:/usr/lib/python3/dist-packages/colcon_core/task/python/colcon_distutils_commands:/home/praj/niihan_ws/install/niihan_description/lib/python3.10/site-packages:${PYTHONPATH} /usr/bin/python3 -W ignore:setup.py install is deprecated -W ignore:easy_install command is deprecated setup.py develop --editable --build-directory /home/praj/niihan_ws/build/niihan_description/build --no-deps symlink_data
[0.608s] running develop
[0.686s] running egg_info
[0.686s] creating niihan_description.egg-info
[0.686s] writing niihan_description.egg-info/PKG-INFO
[0.686s] writing dependency_links to niihan_description.egg-info/dependency_links.txt
[0.686s] writing entry points to niihan_description.egg-info/entry_points.txt
[0.686s] writing requirements to niihan_description.egg-info/requires.txt
[0.686s] writing top-level names to niihan_description.egg-info/top_level.txt
[0.686s] writing manifest file 'niihan_description.egg-info/SOURCES.txt'
[0.687s] reading manifest file 'niihan_description.egg-info/SOURCES.txt'
[0.687s] writing manifest file 'niihan_description.egg-info/SOURCES.txt'
[0.688s] running build_ext
[0.688s] Creating /home/praj/niihan_ws/install/niihan_description/lib/python3.10/site-packages/niihan-description.egg-link (link to .)
[0.688s] Installing niihan_description_node script to /home/praj/niihan_ws/install/niihan_description/lib/niihan_description
[0.689s] Installing patrol_controller script to /home/praj/niihan_ws/install/niihan_description/lib/niihan_description
[0.689s] 
[0.689s] Installed /home/praj/niihan_ws/build/niihan_description
[0.689s] running symlink_data
[0.689s] creating /home/praj/niihan_ws/install/niihan_description/share/ament_index
[0.689s] creating /home/praj/niihan_ws/install/niihan_description/share/ament_index/resource_index
[0.689s] creating /home/praj/niihan_ws/install/niihan_description/share/ament_index/resource_index/packages
[0.689s] symbolically linking /home/praj/niihan_ws/build/niihan_description/resource/niihan_description -> /home/praj/niihan_ws/install/niihan_description/share/ament_index/resource_index/packages
[0.689s] symbolically linking /home/praj/niihan_ws/build/niihan_description/package.xml -> /home/praj/niihan_ws/install/niihan_description/share/niihan_description
[0.689s] creating /home/praj/niihan_ws/install/niihan_description/share/niihan_description/launch
[0.689s] symbolically linking /home/praj/niihan_ws/build/niihan_description/launch/niihan_description.launch.py -> /home/praj/niihan_ws/install/niihan_description/share/niihan_description/launch
[0.689s] symbolically linking /home/praj/niihan_ws/build/niihan_description/launch/niihan_mapping.launch.py -> /home/praj/niihan_ws/install/niihan_description/share/niihan_description/launch
[0.689s] symbolically linking /home/praj/niihan_ws/build/niihan_description/launch/niihan_gazebo.launch.py -> /home/praj/niihan_ws/install/niihan_description/share/niihan_description/launch
[0.689s] symbolically linking /home/praj/niihan_ws/build/niihan_description/launch/mapping.launch.py -> /home/praj/niihan_ws/install/niihan_description/share/niihan_description/launch
[0.689s] symbolically linking /home/praj/niihan_ws/build/niihan_description/launch/gazebo.launch.py -> /home/praj/niihan_ws/install/niihan_description/share/niihan_description/launch
[0.689s] creating /home/praj/niihan_ws/install/niihan_description/share/niihan_description/config
[0.689s] symbolically linking /home/praj/niihan_ws/build/niihan_description/config/scenarios.yaml -> /home/praj/niihan_ws/install/niihan_description/share/niihan_description/config
[0.689s] symbolically linking /home/praj/niihan_ws/build/niihan_description/config/slam_toolbox_params.yaml -> /home/praj/niihan_ws/install/niihan_description/share/niihan_description/config
[0.690s] symbolically linking /home/praj/niihan_ws/build/niihan_description/config/niihan_description_params.yaml -> /home/praj/niihan_ws/install/niihan_description/share/niihan_description/config
[0.690s] creating /home/praj/niihan_ws/install/niihan_description/share/niihan_description/rviz
[0.690s] symbolically linking /home/praj/niihan_ws/build/niihan_description/rviz/niihan_mapping.rviz -> /home/praj/niihan_ws/install/niihan_description/share/niihan_description/rviz
[0.690s] creating /home/praj/niihan_ws/install/niihan_description/share/niihan_description/urdf
[0.690s] symbolically linking /home/praj/niihan_ws/build/niihan_description/urdf/niihan_sensors_mast.xacro -> /home/praj/niihan_ws/install/niihan_description/share/niihan_description/urdf
[0.690s] symbolically linking /home/praj/niihan_ws/build/niihan_description/urdf/niihan_properties.xacro -> /home/praj/niihan_ws/install/niihan_description/share/niihan_description/urdf
[0.690s] symbolically linking /home/praj/niihan_ws/build/niihan_description/urdf/niihan_macros.xacro -> /home/praj/niihan_ws/install/niihan_description/share/niihan_description/urdf
[0.690s] symbolically linking /home/praj/niihan_ws/build/niihan_description/urdf/robot.urdf -> /home/praj/niihan_ws/install/niihan_description/share/niihan_description/urdf
[0.690s] symbolically linking /home/praj/niihan_ws/build/niihan_description/urdf/niihan_chassis.xacro -> /home/praj/niihan_ws/install/niihan_description/share/niihan_description/urdf
[0.690s] symbolically linking /home/praj/niihan_ws/build/niihan_description/urdf/niihan_mast.xacro -> /home/praj/niihan_ws/install/niihan_description/share/niihan_description/urdf
[0.690s] symbolically linking /home/praj/niihan_ws/build/niihan_description/urdf/niihan.urdf.xacro -> /home/praj/niihan_ws/install/niihan_description/share/niihan_description/urdf
[0.690s] symbolically linking /home/praj/niihan_ws/build/niihan_description/urdf/niihan_sensors_chassis.xacro -> /home/praj/niihan_ws/install/niihan_description/share/niihan_description/urdf
[0.690s] creating /home/praj/niihan_ws/install/niihan_description/share/niihan_description/models
[0.690s] symbolically linking /home/praj/niihan_ws/build/niihan_description/models/robot.urdf -> /home/praj/niihan_ws/install/niihan_description/share/niihan_description/models
[0.690s] creating /home/praj/niihan_ws/install/niihan_description/share/niihan_description/worlds
[0.690s] symbolically linking /home/praj/niihan_ws/build/niihan_description/worlds/sonoma_raceway.world -> /home/praj/niihan_ws/install/niihan_description/share/niihan_description/worlds
[0.690s] symbolically linking /home/praj/niihan_ws/build/niihan_description/worlds/niihan_patrol_base.world -> /home/praj/niihan_ws/install/niihan_description/share/niihan_description/worlds
[0.690s] creating /home/praj/niihan_ws/install/niihan_description/share/niihan_description/scripts
[0.690s] symbolically linking /home/praj/niihan_ws/build/niihan_description/scripts/run_scenario_sweep.py -> /home/praj/niihan_ws/install/niihan_description/share/niihan_description/scripts
[0.708s] Invoked command in '/home/praj/niihan_ws/build/niihan_description' returned '0': PYTHONPATH=/home/praj/niihan_ws/build/niihan_description/prefix_override:/usr/lib/python3/dist-packages/colcon_core/task/python/colcon_distutils_commands:/home/praj/niihan_ws/install/niihan_description/lib/python3.10/site-packages:${PYTHONPATH} /usr/bin/python3 -W ignore:setup.py install is deprecated -W ignore:easy_install command is deprecated setup.py develop --editable --build-directory /home/praj/niihan_ws/build/niihan_description/build --no-deps symlink_data
