[0.533s] Invoking command in '/home/praj/niihan_ws/build/niihan_description': PYTHONPATH=/home/praj/niihan_ws/build/niihan_description/prefix_override:/usr/lib/python3/dist-packages/colcon_core/task/python/colcon_distutils_commands:/home/praj/niihan_ws/install/niihan_description/lib/python3.10/site-packages:${PYTHONPATH} /usr/bin/python3 -W ignore:setup.py install is deprecated -W ignore:easy_install command is deprecated setup.py develop --editable --build-directory /home/praj/niihan_ws/build/niihan_description/build --no-deps symlink_data
[0.687s] running develop
[0.780s] running egg_info
[0.780s] writing niihan_description.egg-info/PKG-INFO
[0.781s] writing dependency_links to niihan_description.egg-info/dependency_links.txt
[0.781s] writing entry points to niihan_description.egg-info/entry_points.txt
[0.781s] writing requirements to niihan_description.egg-info/requires.txt
[0.781s] writing top-level names to niihan_description.egg-info/top_level.txt
[0.782s] reading manifest file 'niihan_description.egg-info/SOURCES.txt'
[0.783s] writing manifest file 'niihan_description.egg-info/SOURCES.txt'
[0.784s] running build_ext
[0.784s] Creating /home/praj/niihan_ws/install/niihan_description/lib/python3.10/site-packages/niihan-description.egg-link (link to .)
[0.784s] Installing cliff_detector script to /home/praj/niihan_ws/install/niihan_description/lib/niihan_description
[0.784s] Installing niihan_description_node script to /home/praj/niihan_ws/install/niihan_description/lib/niihan_description
[0.784s] Installing patrol_controller script to /home/praj/niihan_ws/install/niihan_description/lib/niihan_description
[0.784s] Installing set_patrol_points script to /home/praj/niihan_ws/install/niihan_description/lib/niihan_description
[0.784s] Installing vortex_3d_mapper script to /home/praj/niihan_ws/install/niihan_description/lib/niihan_description
[0.784s] Installing waypoint_patrol script to /home/praj/niihan_ws/install/niihan_description/lib/niihan_description
[0.784s] 
[0.785s] Installed /home/praj/niihan_ws/build/niihan_description
[0.785s] running symlink_data
[0.802s] Invoked command in '/home/praj/niihan_ws/build/niihan_description' returned '0': PYTHONPATH=/home/praj/niihan_ws/build/niihan_description/prefix_override:/usr/lib/python3/dist-packages/colcon_core/task/python/colcon_distutils_commands:/home/praj/niihan_ws/install/niihan_description/lib/python3.10/site-packages:${PYTHONPATH} /usr/bin/python3 -W ignore:setup.py install is deprecated -W ignore:easy_install command is deprecated setup.py develop --editable --build-directory /home/praj/niihan_ws/build/niihan_description/build --no-deps symlink_data
