[0.101s] DEBUG:colcon:Command line arguments: ['/usr/bin/colcon', 'build', '--packages-select', 'niihan_description', '--symlink-install']
[0.102s] DEBUG:colcon:Parsed command line arguments: Namespace(log_base=None, log_level=None, verb_name='build', build_base='build', install_base='install', merge_install=False, symlink_install=True, test_result_base=None, continue_on_error=False, executor='parallel', parallel_workers=20, event_handlers=None, ignore_user_meta=False, metas=['./colcon.meta'], base_paths=['.'], packages_ignore=None, packages_ignore_regex=None, paths=None, packages_up_to=None, packages_up_to_regex=None, packages_above=None, packages_above_and_dependencies=None, packages_above_depth=None, packages_select_by_dep=None, packages_skip_by_dep=None, packages_skip_up_to=None, packages_select_build_failed=False, packages_skip_build_finished=False, packages_select_test_failures=False, packages_skip_test_passed=False, packages_select=['niihan_description'], packages_skip=None, packages_select_regex=None, packages_skip_regex=None, packages_start=None, packages_end=None, allow_overriding=[], cmake_args=None, cmake_target=None, cmake_target_skip_unavailable=False, cmake_clean_cache=False, cmake_clean_first=False, cmake_force_configure=False, ament_cmake_args=None, catkin_cmake_args=None, catkin_skip_building_tests=False, mixin_files=None, mixin=None, verb_parser=<colcon_mixin.mixin.mixin_argument.MixinArgumentDecorator object at 0x7e6c9eb76200>, verb_extension=<colcon_core.verb.build.BuildVerb object at 0x7e6c9eb75c30>, main=<bound method BuildVerb.main of <colcon_core.verb.build.BuildVerb object at 0x7e6c9eb75c30>>, mixin_verb=('build',))
[0.247s] Level 1:colcon.colcon_core.package_discovery:discover_packages(colcon_meta) check parameters
[0.247s] Level 1:colcon.colcon_core.package_discovery:discover_packages(recursive) check parameters
[0.247s] Level 1:colcon.colcon_core.package_discovery:discover_packages(ignore) check parameters
[0.247s] Level 1:colcon.colcon_core.package_discovery:discover_packages(path) check parameters
[0.247s] Level 1:colcon.colcon_core.package_discovery:discover_packages(colcon_meta) discover
[0.247s] Level 1:colcon.colcon_core.package_discovery:discover_packages(recursive) discover
[0.247s] INFO:colcon.colcon_core.package_discovery:Crawling recursively for packages in '/home/praj/niihan_ws'
[0.247s] Level 1:colcon.colcon_core.package_identification:_identify(.) by extensions ['ignore', 'ignore_ament_install']
[0.247s] Level 1:colcon.colcon_core.package_identification:_identify(.) by extension 'ignore'
[0.247s] Level 1:colcon.colcon_core.package_identification:_identify(.) by extension 'ignore_ament_install'
[0.247s] Level 1:colcon.colcon_core.package_identification:_identify(.) by extensions ['colcon_pkg']
[0.247s] Level 1:colcon.colcon_core.package_identification:_identify(.) by extension 'colcon_pkg'
[0.248s] Level 1:colcon.colcon_core.package_identification:_identify(.) by extensions ['colcon_meta']
[0.248s] Level 1:colcon.colcon_core.package_identification:_identify(.) by extension 'colcon_meta'
[0.248s] Level 1:colcon.colcon_core.package_identification:_identify(.) by extensions ['ros']
[0.248s] Level 1:colcon.colcon_core.package_identification:_identify(.) by extension 'ros'
[0.256s] Level 1:colcon.colcon_core.package_identification:_identify(.) by extensions ['cmake', 'python']
[0.257s] Level 1:colcon.colcon_core.package_identification:_identify(.) by extension 'cmake'
[0.257s] Level 1:colcon.colcon_core.package_identification:_identify(.) by extension 'python'
[0.257s] Level 1:colcon.colcon_core.package_identification:_identify(.) by extensions ['python_setup_py']
[0.257s] Level 1:colcon.colcon_core.package_identification:_identify(.) by extension 'python_setup_py'
[0.257s] Level 1:colcon.colcon_core.package_identification:_identify(build) by extensions ['ignore', 'ignore_ament_install']
[0.257s] Level 1:colcon.colcon_core.package_identification:_identify(build) by extension 'ignore'
[0.257s] Level 1:colcon.colcon_core.package_identification:_identify(build) ignored
[0.257s] Level 1:colcon.colcon_core.package_identification:_identify(install) by extensions ['ignore', 'ignore_ament_install']
[0.257s] Level 1:colcon.colcon_core.package_identification:_identify(install) by extension 'ignore'
[0.257s] Level 1:colcon.colcon_core.package_identification:_identify(install) ignored
[0.257s] Level 1:colcon.colcon_core.package_identification:_identify(log) by extensions ['ignore', 'ignore_ament_install']
[0.257s] Level 1:colcon.colcon_core.package_identification:_identify(log) by extension 'ignore'
[0.257s] Level 1:colcon.colcon_core.package_identification:_identify(log) ignored
[0.257s] Level 1:colcon.colcon_core.package_identification:_identify(models) by extensions ['ignore', 'ignore_ament_install']
[0.257s] Level 1:colcon.colcon_core.package_identification:_identify(models) by extension 'ignore'
[0.257s] Level 1:colcon.colcon_core.package_identification:_identify(models) by extension 'ignore_ament_install'
[0.258s] Level 1:colcon.colcon_core.package_identification:_identify(models) by extensions ['colcon_pkg']
[0.258s] Level 1:colcon.colcon_core.package_identification:_identify(models) by extension 'colcon_pkg'
[0.258s] Level 1:colcon.colcon_core.package_identification:_identify(models) by extensions ['colcon_meta']
[0.258s] Level 1:colcon.colcon_core.package_identification:_identify(models) by extension 'colcon_meta'
[0.258s] Level 1:colcon.colcon_core.package_identification:_identify(models) by extensions ['ros']
[0.258s] Level 1:colcon.colcon_core.package_identification:_identify(models) by extension 'ros'
[0.258s] Level 1:colcon.colcon_core.package_identification:_identify(models) by extensions ['cmake', 'python']
[0.258s] Level 1:colcon.colcon_core.package_identification:_identify(models) by extension 'cmake'
[0.258s] Level 1:colcon.colcon_core.package_identification:_identify(models) by extension 'python'
[0.258s] Level 1:colcon.colcon_core.package_identification:_identify(models) by extensions ['python_setup_py']
[0.258s] Level 1:colcon.colcon_core.package_identification:_identify(models) by extension 'python_setup_py'
[0.258s] Level 1:colcon.colcon_core.package_identification:_identify(src) by extensions ['ignore', 'ignore_ament_install']
[0.258s] Level 1:colcon.colcon_core.package_identification:_identify(src) by extension 'ignore'
[0.258s] Level 1:colcon.colcon_core.package_identification:_identify(src) by extension 'ignore_ament_install'
[0.258s] Level 1:colcon.colcon_core.package_identification:_identify(src) by extensions ['colcon_pkg']
[0.258s] Level 1:colcon.colcon_core.package_identification:_identify(src) by extension 'colcon_pkg'
[0.258s] Level 1:colcon.colcon_core.package_identification:_identify(src) by extensions ['colcon_meta']
[0.258s] Level 1:colcon.colcon_core.package_identification:_identify(src) by extension 'colcon_meta'
[0.258s] Level 1:colcon.colcon_core.package_identification:_identify(src) by extensions ['ros']
[0.258s] Level 1:colcon.colcon_core.package_identification:_identify(src) by extension 'ros'
[0.258s] Level 1:colcon.colcon_core.package_identification:_identify(src) by extensions ['cmake', 'python']
[0.258s] Level 1:colcon.colcon_core.package_identification:_identify(src) by extension 'cmake'
[0.258s] Level 1:colcon.colcon_core.package_identification:_identify(src) by extension 'python'
[0.258s] Level 1:colcon.colcon_core.package_identification:_identify(src) by extensions ['python_setup_py']
[0.258s] Level 1:colcon.colcon_core.package_identification:_identify(src) by extension 'python_setup_py'
[0.258s] Level 1:colcon.colcon_core.package_identification:_identify(src/niihan_description) by extensions ['ignore', 'ignore_ament_install']
[0.258s] Level 1:colcon.colcon_core.package_identification:_identify(src/niihan_description) by extension 'ignore'
[0.258s] Level 1:colcon.colcon_core.package_identification:_identify(src/niihan_description) by extension 'ignore_ament_install'
[0.259s] Level 1:colcon.colcon_core.package_identification:_identify(src/niihan_description) by extensions ['colcon_pkg']
[0.259s] Level 1:colcon.colcon_core.package_identification:_identify(src/niihan_description) by extension 'colcon_pkg'
[0.259s] Level 1:colcon.colcon_core.package_identification:_identify(src/niihan_description) by extensions ['colcon_meta']
[0.259s] Level 1:colcon.colcon_core.package_identification:_identify(src/niihan_description) by extension 'colcon_meta'
[0.259s] Level 1:colcon.colcon_core.package_identification:_identify(src/niihan_description) by extensions ['ros']
[0.259s] Level 1:colcon.colcon_core.package_identification:_identify(src/niihan_description) by extension 'ros'
[0.261s] DEBUG:colcon.colcon_core.package_identification:Package 'src/niihan_description' with type 'ros.ament_python' and name 'niihan_description'
[0.261s] Level 1:colcon.colcon_core.package_discovery:discover_packages(recursive) using defaults
[0.261s] Level 1:colcon.colcon_core.package_discovery:discover_packages(ignore) discover
[0.261s] Level 1:colcon.colcon_core.package_discovery:discover_packages(ignore) using defaults
[0.261s] Level 1:colcon.colcon_core.package_discovery:discover_packages(path) discover
[0.261s] Level 1:colcon.colcon_core.package_discovery:discover_packages(path) using defaults
[0.286s] Level 1:colcon.colcon_core.package_discovery:discover_packages(prefix_path) check parameters
[0.286s] Level 1:colcon.colcon_core.package_discovery:discover_packages(prefix_path) discover
[0.288s] DEBUG:colcon.colcon_installed_package_information.package_discovery:Found 342 installed packages in /opt/ros/humble
[0.290s] Level 1:colcon.colcon_core.package_discovery:discover_packages(prefix_path) using defaults
[0.326s] Level 5:colcon.colcon_core.verb:set package 'niihan_description' build argument 'cmake_args' from command line to 'None'
[0.326s] Level 5:colcon.colcon_core.verb:set package 'niihan_description' build argument 'cmake_target' from command line to 'None'
[0.326s] Level 5:colcon.colcon_core.verb:set package 'niihan_description' build argument 'cmake_target_skip_unavailable' from command line to 'False'
[0.326s] Level 5:colcon.colcon_core.verb:set package 'niihan_description' build argument 'cmake_clean_cache' from command line to 'False'
[0.326s] Level 5:colcon.colcon_core.verb:set package 'niihan_description' build argument 'cmake_clean_first' from command line to 'False'
[0.326s] Level 5:colcon.colcon_core.verb:set package 'niihan_description' build argument 'cmake_force_configure' from command line to 'False'
[0.326s] Level 5:colcon.colcon_core.verb:set package 'niihan_description' build argument 'ament_cmake_args' from command line to 'None'
[0.326s] Level 5:colcon.colcon_core.verb:set package 'niihan_description' build argument 'catkin_cmake_args' from command line to 'None'
[0.326s] Level 5:colcon.colcon_core.verb:set package 'niihan_description' build argument 'catkin_skip_building_tests' from command line to 'False'
[0.326s] DEBUG:colcon.colcon_core.verb:Building package 'niihan_description' with the following arguments: {'ament_cmake_args': None, 'build_base': '/home/praj/niihan_ws/build/niihan_description', 'catkin_cmake_args': None, 'catkin_skip_building_tests': False, 'cmake_args': None, 'cmake_clean_cache': False, 'cmake_clean_first': False, 'cmake_force_configure': False, 'cmake_target': None, 'cmake_target_skip_unavailable': False, 'install_base': '/home/praj/niihan_ws/install/niihan_description', 'merge_install': False, 'path': '/home/praj/niihan_ws/src/niihan_description', 'symlink_install': True, 'test_result_base': None}
[0.326s] INFO:colcon.colcon_core.executor:Executing jobs using 'parallel' executor
[0.327s] DEBUG:colcon.colcon_parallel_executor.executor.parallel:run_until_complete
[0.327s] INFO:colcon.colcon_ros.task.ament_python.build:Building ROS package in '/home/praj/niihan_ws/src/niihan_description' with build type 'ament_python'
[0.328s] Level 1:colcon.colcon_core.shell:create_environment_hook('niihan_description', 'ament_prefix_path')
[0.329s] INFO:colcon.colcon_core.plugin_system:Skipping extension 'colcon_core.shell.bat': Not used on non-Windows systems
[0.329s] INFO:colcon.colcon_core.shell:Creating environment hook '/home/praj/niihan_ws/install/niihan_description/share/niihan_description/hook/ament_prefix_path.ps1'
[0.330s] INFO:colcon.colcon_core.shell:Creating environment descriptor '/home/praj/niihan_ws/install/niihan_description/share/niihan_description/hook/ament_prefix_path.dsv'
[0.330s] INFO:colcon.colcon_core.shell:Creating environment hook '/home/praj/niihan_ws/install/niihan_description/share/niihan_description/hook/ament_prefix_path.sh'
[0.331s] INFO:colcon.colcon_core.shell:Skip shell extension 'powershell' for command environment: Not usable outside of PowerShell
[0.331s] DEBUG:colcon.colcon_core.shell:Skip shell extension 'dsv' for command environment
[0.555s] INFO:colcon.colcon_core.task.python.build:Building Python package in '/home/praj/niihan_ws/src/niihan_description'
[0.555s] INFO:colcon.colcon_core.shell:Skip shell extension 'powershell' for command environment: Not usable outside of PowerShell
[0.555s] DEBUG:colcon.colcon_core.shell:Skip shell extension 'dsv' for command environment
[0.835s] DEBUG:colcon.colcon_core.task.python.build:Available setuptools commands: bdist_egg, build_clib, develop, install_lib, install, build, bdist_dumb, install_data, bdist_rpm, bdist, install_scripts, symlink_data, install_headers, upload_docs, install_egg_info, test, rotate, build_py, upload, build_scripts, easy_install, build_ext, register, clean, egg_info, sdist, check, dist_info, alias, saveopts, setopt
[1.069s] DEBUG:colcon.colcon_core.task.python.build:Available setuptools 'develop' options: --index-url, --prefix, --site-dirs, --multi-version, --force-installation-into-system-dir, --dry-run, --verbose, --always-copy, --no-deps, --install-layout, --always-unzip, --egg-path, --quiet, --no-find-links, --local-snapshots-ok, --editable, --user, --record, --optimize, --allow-hosts, --find-links, --exclude-scripts, --no-user-cfg, --version, --script-dir, --uninstall, --help, --zip-ok, --build-directory, --install-dir, --upgrade
[1.071s] DEBUG:colcon.colcon_core.event_handler.log_command:Invoking command in '/home/praj/niihan_ws/build/niihan_description': PYTHONPATH=/home/praj/niihan_ws/build/niihan_description/prefix_override:/usr/lib/python3/dist-packages/colcon_core/task/python/colcon_distutils_commands:/home/praj/niihan_ws/install/niihan_description/lib/python3.10/site-packages:${PYTHONPATH} /usr/bin/python3 -W ignore:setup.py install is deprecated -W ignore:easy_install command is deprecated setup.py develop --editable --build-directory /home/praj/niihan_ws/build/niihan_description/build --no-deps symlink_data
[1.426s] Level 1:colcon.colcon_core.shell:create_environment_hook('niihan_description', 'pythonpath_develop')
[1.426s] INFO:colcon.colcon_core.shell:Creating environment hook '/home/praj/niihan_ws/build/niihan_description/share/niihan_description/hook/pythonpath_develop.ps1'
[1.426s] DEBUG:colcon.colcon_core.event_handler.log_command:Invoked command in '/home/praj/niihan_ws/build/niihan_description' returned '0': PYTHONPATH=/home/praj/niihan_ws/build/niihan_description/prefix_override:/usr/lib/python3/dist-packages/colcon_core/task/python/colcon_distutils_commands:/home/praj/niihan_ws/install/niihan_description/lib/python3.10/site-packages:${PYTHONPATH} /usr/bin/python3 -W ignore:setup.py install is deprecated -W ignore:easy_install command is deprecated setup.py develop --editable --build-directory /home/praj/niihan_ws/build/niihan_description/build --no-deps symlink_data
[1.427s] INFO:colcon.colcon_core.shell:Creating environment descriptor '/home/praj/niihan_ws/build/niihan_description/share/niihan_description/hook/pythonpath_develop.dsv'
[1.427s] INFO:colcon.colcon_core.shell:Creating environment hook '/home/praj/niihan_ws/build/niihan_description/share/niihan_description/hook/pythonpath_develop.sh'
[1.429s] Level 1:colcon.colcon_core.environment:checking '/home/praj/niihan_ws/install/niihan_description' for CMake module files
[1.430s] Level 1:colcon.colcon_core.environment:checking '/home/praj/niihan_ws/install/niihan_description' for CMake config files
[1.430s] Level 1:colcon.colcon_core.environment:checking '/home/praj/niihan_ws/install/niihan_description/lib'
[1.430s] Level 1:colcon.colcon_core.environment:checking '/home/praj/niihan_ws/install/niihan_description/bin'
[1.430s] Level 1:colcon.colcon_core.environment:checking '/home/praj/niihan_ws/install/niihan_description/lib/pkgconfig/niihan_description.pc'
[1.431s] Level 1:colcon.colcon_core.environment:checking '/home/praj/niihan_ws/install/niihan_description/lib/python3.10/site-packages'
[1.431s] Level 1:colcon.colcon_core.shell:create_environment_hook('niihan_description', 'pythonpath')
[1.431s] INFO:colcon.colcon_core.shell:Creating environment hook '/home/praj/niihan_ws/install/niihan_description/share/niihan_description/hook/pythonpath.ps1'
[1.431s] INFO:colcon.colcon_core.shell:Creating environment descriptor '/home/praj/niihan_ws/install/niihan_description/share/niihan_description/hook/pythonpath.dsv'
[1.431s] INFO:colcon.colcon_core.shell:Creating environment hook '/home/praj/niihan_ws/install/niihan_description/share/niihan_description/hook/pythonpath.sh'
[1.432s] Level 1:colcon.colcon_core.environment:checking '/home/praj/niihan_ws/install/niihan_description/bin'
[1.432s] Level 1:colcon.colcon_core.environment:create_environment_scripts_only(niihan_description)
[1.432s] INFO:colcon.colcon_core.shell:Creating package script '/home/praj/niihan_ws/install/niihan_description/share/niihan_description/package.ps1'
[1.433s] INFO:colcon.colcon_core.shell:Creating package descriptor '/home/praj/niihan_ws/install/niihan_description/share/niihan_description/package.dsv'
[1.434s] INFO:colcon.colcon_core.shell:Creating package script '/home/praj/niihan_ws/install/niihan_description/share/niihan_description/package.sh'
[1.434s] INFO:colcon.colcon_core.shell:Creating package script '/home/praj/niihan_ws/install/niihan_description/share/niihan_description/package.bash'
[1.435s] INFO:colcon.colcon_core.shell:Creating package script '/home/praj/niihan_ws/install/niihan_description/share/niihan_description/package.zsh'
[1.435s] Level 1:colcon.colcon_core.environment:create_file_with_runtime_dependencies(/home/praj/niihan_ws/install/niihan_description/share/colcon-core/packages/niihan_description)
[1.435s] DEBUG:colcon.colcon_parallel_executor.executor.parallel:closing loop
[1.436s] DEBUG:colcon.colcon_parallel_executor.executor.parallel:loop closed
[1.436s] DEBUG:colcon.colcon_parallel_executor.executor.parallel:run_until_complete finished with '0'
[1.436s] DEBUG:colcon.colcon_core.event_reactor:joining thread
[1.439s] INFO:colcon.colcon_core.plugin_system:Skipping extension 'colcon_notification.desktop_notification.terminal_notifier': Not used on non-Darwin systems
[1.439s] INFO:colcon.colcon_core.plugin_system:Skipping extension 'colcon_notification.desktop_notification.win32': Not used on non-Windows systems
[1.439s] INFO:colcon.colcon_notification.desktop_notification:Sending desktop notification using 'notify2'
[1.453s] DEBUG:colcon.colcon_core.event_reactor:joined thread
[1.453s] INFO:colcon.colcon_core.shell:Creating prefix script '/home/praj/niihan_ws/install/local_setup.ps1'
[1.455s] INFO:colcon.colcon_core.shell:Creating prefix util module '/home/praj/niihan_ws/install/_local_setup_util_ps1.py'
[1.456s] INFO:colcon.colcon_core.shell:Creating prefix chain script '/home/praj/niihan_ws/install/setup.ps1'
[1.457s] INFO:colcon.colcon_core.shell:Creating prefix script '/home/praj/niihan_ws/install/local_setup.sh'
[1.458s] INFO:colcon.colcon_core.shell:Creating prefix util module '/home/praj/niihan_ws/install/_local_setup_util_sh.py'
[1.458s] INFO:colcon.colcon_core.shell:Creating prefix chain script '/home/praj/niihan_ws/install/setup.sh'
[1.459s] INFO:colcon.colcon_core.shell:Creating prefix script '/home/praj/niihan_ws/install/local_setup.bash'
[1.459s] INFO:colcon.colcon_core.shell:Creating prefix chain script '/home/praj/niihan_ws/install/setup.bash'
[1.459s] INFO:colcon.colcon_core.shell:Creating prefix script '/home/praj/niihan_ws/install/local_setup.zsh'
[1.460s] INFO:colcon.colcon_core.shell:Creating prefix chain script '/home/praj/niihan_ws/install/setup.zsh'
