running develop
running egg_info
writing niihan_description.egg-info/PKG-INFO
writing dependency_links to niihan_description.egg-info/dependency_links.txt
writing entry points to niihan_description.egg-info/entry_points.txt
writing requirements to niihan_description.egg-info/requires.txt
writing top-level names to niihan_description.egg-info/top_level.txt
reading manifest file 'niihan_description.egg-info/SOURCES.txt'
writing manifest file 'niihan_description.egg-info/SOURCES.txt'
running build_ext
Creating /home/praj/niihan_ws/install/niihan_description/lib/python3.10/site-packages/niihan-description.egg-link (link to .)
Installing cliff_detector script to /home/praj/niihan_ws/install/niihan_description/lib/niihan_description
Installing niihan_description_node script to /home/praj/niihan_ws/install/niihan_description/lib/niihan_description
Installing patrol_controller script to /home/praj/niihan_ws/install/niihan_description/lib/niihan_description
Installing set_patrol_points script to /home/praj/niihan_ws/install/niihan_description/lib/niihan_description
Installing teleop_mapping_keyboard script to /home/praj/niihan_ws/install/niihan_description/lib/niihan_description
Installing teleop_mapping_terminal script to /home/praj/niihan_ws/install/niihan_description/lib/niihan_description
Installing vortex_3d_mapper script to /home/praj/niihan_ws/install/niihan_description/lib/niihan_description
Installing waypoint_patrol script to /home/praj/niihan_ws/install/niihan_description/lib/niihan_description

Installed /home/praj/niihan_ws/build/niihan_description
running symlink_data
