[0.062s] DEBUG:colcon:Command line arguments: ['/usr/bin/colcon', 'build', '--symlink-install']
[0.062s] DEBUG:colcon:Parsed command line arguments: Namespace(log_base=None, log_level=None, verb_name='build', build_base='build', install_base='install', merge_install=False, symlink_install=True, test_result_base=None, continue_on_error=False, executor='parallel', parallel_workers=20, event_handlers=None, ignore_user_meta=False, metas=['./colcon.meta'], base_paths=['.'], packages_ignore=None, packages_ignore_regex=None, paths=None, packages_up_to=None, packages_up_to_regex=None, packages_above=None, packages_above_and_dependencies=None, packages_above_depth=None, packages_select_by_dep=None, packages_skip_by_dep=None, packages_skip_up_to=None, packages_select_build_failed=False, packages_skip_build_finished=False, packages_select_test_failures=False, packages_skip_test_passed=False, packages_select=None, packages_skip=None, packages_select_regex=None, packages_skip_regex=None, packages_start=None, packages_end=None, allow_overriding=[], cmake_args=None, cmake_target=None, cmake_target_skip_unavailable=False, cmake_clean_cache=False, cmake_clean_first=False, cmake_force_configure=False, ament_cmake_args=None, catkin_cmake_args=None, catkin_skip_building_tests=False, mixin_files=None, mixin=None, verb_parser=<colcon_mixin.mixin.mixin_argument.MixinArgumentDecorator object at 0x72668fe6dae0>, verb_extension=<colcon_core.verb.build.BuildVerb object at 0x72668fe6d510>, main=<bound method BuildVerb.main of <colcon_core.verb.build.BuildVerb object at 0x72668fe6d510>>, mixin_verb=('build',))
[0.151s] Level 1:colcon.colcon_core.package_discovery:discover_packages(colcon_meta) check parameters
[0.151s] Level 1:colcon.colcon_core.package_discovery:discover_packages(recursive) check parameters
[0.151s] Level 1:colcon.colcon_core.package_discovery:discover_packages(ignore) check parameters
[0.151s] Level 1:colcon.colcon_core.package_discovery:discover_packages(path) check parameters
[0.151s] Level 1:colcon.colcon_core.package_discovery:discover_packages(colcon_meta) discover
[0.151s] Level 1:colcon.colcon_core.package_discovery:discover_packages(recursive) discover
[0.151s] INFO:colcon.colcon_core.package_discovery:Crawling recursively for packages in '/home/praj/niihan_ws'
[0.152s] Level 1:colcon.colcon_core.package_identification:_identify(.) by extensions ['ignore', 'ignore_ament_install']
[0.152s] Level 1:colcon.colcon_core.package_identification:_identify(.) by extension 'ignore'
[0.152s] Level 1:colcon.colcon_core.package_identification:_identify(.) by extension 'ignore_ament_install'
[0.152s] Level 1:colcon.colcon_core.package_identification:_identify(.) by extensions ['colcon_pkg']
[0.152s] Level 1:colcon.colcon_core.package_identification:_identify(.) by extension 'colcon_pkg'
[0.152s] Level 1:colcon.colcon_core.package_identification:_identify(.) by extensions ['colcon_meta']
[0.152s] Level 1:colcon.colcon_core.package_identification:_identify(.) by extension 'colcon_meta'
[0.152s] Level 1:colcon.colcon_core.package_identification:_identify(.) by extensions ['ros']
[0.152s] Level 1:colcon.colcon_core.package_identification:_identify(.) by extension 'ros'
[0.158s] Level 1:colcon.colcon_core.package_identification:_identify(.) by extensions ['cmake', 'python']
[0.158s] Level 1:colcon.colcon_core.package_identification:_identify(.) by extension 'cmake'
[0.158s] Level 1:colcon.colcon_core.package_identification:_identify(.) by extension 'python'
[0.158s] Level 1:colcon.colcon_core.package_identification:_identify(.) by extensions ['python_setup_py']
[0.158s] Level 1:colcon.colcon_core.package_identification:_identify(.) by extension 'python_setup_py'
[0.158s] Level 1:colcon.colcon_core.package_identification:_identify(build) by extensions ['ignore', 'ignore_ament_install']
[0.159s] Level 1:colcon.colcon_core.package_identification:_identify(build) by extension 'ignore'
[0.159s] Level 1:colcon.colcon_core.package_identification:_identify(build) ignored
[0.159s] Level 1:colcon.colcon_core.package_identification:_identify(install) by extensions ['ignore', 'ignore_ament_install']
[0.159s] Level 1:colcon.colcon_core.package_identification:_identify(install) by extension 'ignore'
[0.159s] Level 1:colcon.colcon_core.package_identification:_identify(install) ignored
[0.159s] Level 1:colcon.colcon_core.package_identification:_identify(log) by extensions ['ignore', 'ignore_ament_install']
[0.159s] Level 1:colcon.colcon_core.package_identification:_identify(log) by extension 'ignore'
[0.159s] Level 1:colcon.colcon_core.package_identification:_identify(log) ignored
[0.159s] Level 1:colcon.colcon_core.package_identification:_identify(models) by extensions ['ignore', 'ignore_ament_install']
[0.159s] Level 1:colcon.colcon_core.package_identification:_identify(models) by extension 'ignore'
[0.159s] Level 1:colcon.colcon_core.package_identification:_identify(models) by extension 'ignore_ament_install'
[0.159s] Level 1:colcon.colcon_core.package_identification:_identify(models) by extensions ['colcon_pkg']
[0.159s] Level 1:colcon.colcon_core.package_identification:_identify(models) by extension 'colcon_pkg'
[0.159s] Level 1:colcon.colcon_core.package_identification:_identify(models) by extensions ['colcon_meta']
[0.159s] Level 1:colcon.colcon_core.package_identification:_identify(models) by extension 'colcon_meta'
[0.159s] Level 1:colcon.colcon_core.package_identification:_identify(models) by extensions ['ros']
[0.159s] Level 1:colcon.colcon_core.package_identification:_identify(models) by extension 'ros'
[0.159s] Level 1:colcon.colcon_core.package_identification:_identify(models) by extensions ['cmake', 'python']
[0.159s] Level 1:colcon.colcon_core.package_identification:_identify(models) by extension 'cmake'
[0.159s] Level 1:colcon.colcon_core.package_identification:_identify(models) by extension 'python'
[0.159s] Level 1:colcon.colcon_core.package_identification:_identify(models) by extensions ['python_setup_py']
[0.159s] Level 1:colcon.colcon_core.package_identification:_identify(models) by extension 'python_setup_py'
[0.159s] Level 1:colcon.colcon_core.package_identification:_identify(src) by extensions ['ignore', 'ignore_ament_install']
[0.159s] Level 1:colcon.colcon_core.package_identification:_identify(src) by extension 'ignore'
[0.159s] Level 1:colcon.colcon_core.package_identification:_identify(src) by extension 'ignore_ament_install'
[0.159s] Level 1:colcon.colcon_core.package_identification:_identify(src) by extensions ['colcon_pkg']
[0.159s] Level 1:colcon.colcon_core.package_identification:_identify(src) by extension 'colcon_pkg'
[0.159s] Level 1:colcon.colcon_core.package_identification:_identify(src) by extensions ['colcon_meta']
[0.159s] Level 1:colcon.colcon_core.package_identification:_identify(src) by extension 'colcon_meta'
[0.159s] Level 1:colcon.colcon_core.package_identification:_identify(src) by extensions ['ros']
[0.159s] Level 1:colcon.colcon_core.package_identification:_identify(src) by extension 'ros'
[0.159s] Level 1:colcon.colcon_core.package_identification:_identify(src) by extensions ['cmake', 'python']
[0.159s] Level 1:colcon.colcon_core.package_identification:_identify(src) by extension 'cmake'
[0.159s] Level 1:colcon.colcon_core.package_identification:_identify(src) by extension 'python'
[0.159s] Level 1:colcon.colcon_core.package_identification:_identify(src) by extensions ['python_setup_py']
[0.159s] Level 1:colcon.colcon_core.package_identification:_identify(src) by extension 'python_setup_py'
[0.159s] Level 1:colcon.colcon_core.package_identification:_identify(src/niihan_description) by extensions ['ignore', 'ignore_ament_install']
[0.160s] Level 1:colcon.colcon_core.package_identification:_identify(src/niihan_description) by extension 'ignore'
[0.160s] Level 1:colcon.colcon_core.package_identification:_identify(src/niihan_description) by extension 'ignore_ament_install'
[0.160s] Level 1:colcon.colcon_core.package_identification:_identify(src/niihan_description) by extensions ['colcon_pkg']
[0.160s] Level 1:colcon.colcon_core.package_identification:_identify(src/niihan_description) by extension 'colcon_pkg'
[0.160s] Level 1:colcon.colcon_core.package_identification:_identify(src/niihan_description) by extensions ['colcon_meta']
[0.160s] Level 1:colcon.colcon_core.package_identification:_identify(src/niihan_description) by extension 'colcon_meta'
[0.160s] Level 1:colcon.colcon_core.package_identification:_identify(src/niihan_description) by extensions ['ros']
[0.160s] Level 1:colcon.colcon_core.package_identification:_identify(src/niihan_description) by extension 'ros'
[0.161s] DEBUG:colcon.colcon_core.package_identification:Package 'src/niihan_description' with type 'ros.ament_python' and name 'niihan_description'
[0.161s] Level 1:colcon.colcon_core.package_discovery:discover_packages(recursive) using defaults
[0.161s] Level 1:colcon.colcon_core.package_discovery:discover_packages(ignore) discover
[0.161s] Level 1:colcon.colcon_core.package_discovery:discover_packages(ignore) using defaults
[0.161s] Level 1:colcon.colcon_core.package_discovery:discover_packages(path) discover
[0.161s] Level 1:colcon.colcon_core.package_discovery:discover_packages(path) using defaults
[0.180s] Level 1:colcon.colcon_core.package_discovery:discover_packages(prefix_path) check parameters
[0.180s] Level 1:colcon.colcon_core.package_discovery:discover_packages(prefix_path) discover
[0.182s] DEBUG:colcon.colcon_installed_package_information.package_discovery:Found 342 installed packages in /opt/ros/humble
[0.183s] Level 1:colcon.colcon_core.package_discovery:discover_packages(prefix_path) using defaults
[0.207s] Level 5:colcon.colcon_core.verb:set package 'niihan_description' build argument 'cmake_args' from command line to 'None'
[0.207s] Level 5:colcon.colcon_core.verb:set package 'niihan_description' build argument 'cmake_target' from command line to 'None'
[0.207s] Level 5:colcon.colcon_core.verb:set package 'niihan_description' build argument 'cmake_target_skip_unavailable' from command line to 'False'
[0.207s] Level 5:colcon.colcon_core.verb:set package 'niihan_description' build argument 'cmake_clean_cache' from command line to 'False'
[0.207s] Level 5:colcon.colcon_core.verb:set package 'niihan_description' build argument 'cmake_clean_first' from command line to 'False'
[0.207s] Level 5:colcon.colcon_core.verb:set package 'niihan_description' build argument 'cmake_force_configure' from command line to 'False'
[0.207s] Level 5:colcon.colcon_core.verb:set package 'niihan_description' build argument 'ament_cmake_args' from command line to 'None'
[0.207s] Level 5:colcon.colcon_core.verb:set package 'niihan_description' build argument 'catkin_cmake_args' from command line to 'None'
[0.207s] Level 5:colcon.colcon_core.verb:set package 'niihan_description' build argument 'catkin_skip_building_tests' from command line to 'False'
[0.207s] DEBUG:colcon.colcon_core.verb:Building package 'niihan_description' with the following arguments: {'ament_cmake_args': None, 'build_base': '/home/praj/niihan_ws/build/niihan_description', 'catkin_cmake_args': None, 'catkin_skip_building_tests': False, 'cmake_args': None, 'cmake_clean_cache': False, 'cmake_clean_first': False, 'cmake_force_configure': False, 'cmake_target': None, 'cmake_target_skip_unavailable': False, 'install_base': '/home/praj/niihan_ws/install/niihan_description', 'merge_install': False, 'path': '/home/praj/niihan_ws/src/niihan_description', 'symlink_install': True, 'test_result_base': None}
[0.207s] INFO:colcon.colcon_core.executor:Executing jobs using 'parallel' executor
[0.208s] DEBUG:colcon.colcon_parallel_executor.executor.parallel:run_until_complete
[0.208s] INFO:colcon.colcon_ros.task.ament_python.build:Building ROS package in '/home/praj/niihan_ws/src/niihan_description' with build type 'ament_python'
[0.208s] Level 1:colcon.colcon_core.shell:create_environment_hook('niihan_description', 'ament_prefix_path')
[0.209s] INFO:colcon.colcon_core.plugin_system:Skipping extension 'colcon_core.shell.bat': Not used on non-Windows systems
[0.209s] INFO:colcon.colcon_core.shell:Creating environment hook '/home/praj/niihan_ws/install/niihan_description/share/niihan_description/hook/ament_prefix_path.ps1'
[0.210s] INFO:colcon.colcon_core.shell:Creating environment descriptor '/home/praj/niihan_ws/install/niihan_description/share/niihan_description/hook/ament_prefix_path.dsv'
[0.210s] INFO:colcon.colcon_core.shell:Creating environment hook '/home/praj/niihan_ws/install/niihan_description/share/niihan_description/hook/ament_prefix_path.sh'
[0.210s] INFO:colcon.colcon_core.shell:Skip shell extension 'powershell' for command environment: Not usable outside of PowerShell
[0.210s] DEBUG:colcon.colcon_core.shell:Skip shell extension 'dsv' for command environment
[0.362s] INFO:colcon.colcon_core.task.python.build:Building Python package in '/home/praj/niihan_ws/src/niihan_description'
[0.362s] INFO:colcon.colcon_core.shell:Skip shell extension 'powershell' for command environment: Not usable outside of PowerShell
[0.362s] DEBUG:colcon.colcon_core.shell:Skip shell extension 'dsv' for command environment
[0.560s] DEBUG:colcon.colcon_core.task.python.build:Available setuptools commands: upload, easy_install, install_lib, bdist_rpm, setopt, install_data, clean, install, dist_info, develop, rotate, test, symlink_data, upload_docs, build_scripts, build_clib, saveopts, bdist_dumb, install_scripts, install_egg_info, alias, sdist, build, bdist, check, install_headers, build_py, build_ext, register, egg_info, bdist_egg
[0.729s] DEBUG:colcon.colcon_core.task.python.build:Available setuptools 'develop' options: --always-unzip, --local-snapshots-ok, --optimize, --egg-path, --no-find-links, --prefix, --zip-ok, --index-url, --always-copy, --site-dirs, --no-deps, --no-user-cfg, --version, --help, --multi-version, --script-dir, --build-directory, --editable, --uninstall, --upgrade, --exclude-scripts, --user, --verbose, --dry-run, --install-dir, --find-links, --quiet, --force-installation-into-system-dir, --install-layout, --record, --allow-hosts
[0.732s] DEBUG:colcon.colcon_core.event_handler.log_command:Invoking command in '/home/praj/niihan_ws/build/niihan_description': PYTHONPATH=/home/praj/niihan_ws/build/niihan_description/prefix_override:/usr/lib/python3/dist-packages/colcon_core/task/python/colcon_distutils_commands:/home/praj/niihan_ws/install/niihan_description/lib/python3.10/site-packages:${PYTHONPATH} /usr/bin/python3 -W ignore:setup.py install is deprecated -W ignore:easy_install command is deprecated setup.py develop --editable --build-directory /home/praj/niihan_ws/build/niihan_description/build --no-deps symlink_data
[0.983s] Level 1:colcon.colcon_core.shell:create_environment_hook('niihan_description', 'pythonpath_develop')
[0.983s] INFO:colcon.colcon_core.shell:Creating environment hook '/home/praj/niihan_ws/build/niihan_description/share/niihan_description/hook/pythonpath_develop.ps1'
[0.984s] DEBUG:colcon.colcon_core.event_handler.log_command:Invoked command in '/home/praj/niihan_ws/build/niihan_description' returned '0': PYTHONPATH=/home/praj/niihan_ws/build/niihan_description/prefix_override:/usr/lib/python3/dist-packages/colcon_core/task/python/colcon_distutils_commands:/home/praj/niihan_ws/install/niihan_description/lib/python3.10/site-packages:${PYTHONPATH} /usr/bin/python3 -W ignore:setup.py install is deprecated -W ignore:easy_install command is deprecated setup.py develop --editable --build-directory /home/praj/niihan_ws/build/niihan_description/build --no-deps symlink_data
[0.984s] INFO:colcon.colcon_core.shell:Creating environment descriptor '/home/praj/niihan_ws/build/niihan_description/share/niihan_description/hook/pythonpath_develop.dsv'
[0.984s] INFO:colcon.colcon_core.shell:Creating environment hook '/home/praj/niihan_ws/build/niihan_description/share/niihan_description/hook/pythonpath_develop.sh'
[0.986s] Level 1:colcon.colcon_core.environment:checking '/home/praj/niihan_ws/install/niihan_description' for CMake module files
[0.986s] Level 1:colcon.colcon_core.environment:checking '/home/praj/niihan_ws/install/niihan_description' for CMake config files
[0.986s] Level 1:colcon.colcon_core.environment:checking '/home/praj/niihan_ws/install/niihan_description/lib'
[0.986s] Level 1:colcon.colcon_core.environment:checking '/home/praj/niihan_ws/install/niihan_description/bin'
[0.986s] Level 1:colcon.colcon_core.environment:checking '/home/praj/niihan_ws/install/niihan_description/lib/pkgconfig/niihan_description.pc'
[0.987s] Level 1:colcon.colcon_core.environment:checking '/home/praj/niihan_ws/install/niihan_description/lib/python3.10/site-packages'
[0.987s] Level 1:colcon.colcon_core.shell:create_environment_hook('niihan_description', 'pythonpath')
[0.987s] INFO:colcon.colcon_core.shell:Creating environment hook '/home/praj/niihan_ws/install/niihan_description/share/niihan_description/hook/pythonpath.ps1'
[0.987s] INFO:colcon.colcon_core.shell:Creating environment descriptor '/home/praj/niihan_ws/install/niihan_description/share/niihan_description/hook/pythonpath.dsv'
[0.987s] INFO:colcon.colcon_core.shell:Creating environment hook '/home/praj/niihan_ws/install/niihan_description/share/niihan_description/hook/pythonpath.sh'
[0.988s] Level 1:colcon.colcon_core.environment:checking '/home/praj/niihan_ws/install/niihan_description/bin'
[0.988s] Level 1:colcon.colcon_core.environment:create_environment_scripts_only(niihan_description)
[0.988s] INFO:colcon.colcon_core.shell:Creating package script '/home/praj/niihan_ws/install/niihan_description/share/niihan_description/package.ps1'
[0.988s] INFO:colcon.colcon_core.shell:Creating package descriptor '/home/praj/niihan_ws/install/niihan_description/share/niihan_description/package.dsv'
[0.989s] INFO:colcon.colcon_core.shell:Creating package script '/home/praj/niihan_ws/install/niihan_description/share/niihan_description/package.sh'
[0.989s] INFO:colcon.colcon_core.shell:Creating package script '/home/praj/niihan_ws/install/niihan_description/share/niihan_description/package.bash'
[0.990s] INFO:colcon.colcon_core.shell:Creating package script '/home/praj/niihan_ws/install/niihan_description/share/niihan_description/package.zsh'
[0.990s] Level 1:colcon.colcon_core.environment:create_file_with_runtime_dependencies(/home/praj/niihan_ws/install/niihan_description/share/colcon-core/packages/niihan_description)
[0.990s] DEBUG:colcon.colcon_parallel_executor.executor.parallel:closing loop
[0.990s] DEBUG:colcon.colcon_parallel_executor.executor.parallel:loop closed
[0.990s] DEBUG:colcon.colcon_parallel_executor.executor.parallel:run_until_complete finished with '0'
[0.990s] DEBUG:colcon.colcon_core.event_reactor:joining thread
[0.994s] INFO:colcon.colcon_core.plugin_system:Skipping extension 'colcon_notification.desktop_notification.terminal_notifier': Not used on non-Darwin systems
[0.994s] INFO:colcon.colcon_core.plugin_system:Skipping extension 'colcon_notification.desktop_notification.win32': Not used on non-Windows systems
[0.994s] INFO:colcon.colcon_notification.desktop_notification:Sending desktop notification using 'notify2'
[1.005s] DEBUG:colcon.colcon_core.event_reactor:joined thread
[1.006s] INFO:colcon.colcon_core.shell:Creating prefix script '/home/praj/niihan_ws/install/local_setup.ps1'
[1.007s] INFO:colcon.colcon_core.shell:Creating prefix util module '/home/praj/niihan_ws/install/_local_setup_util_ps1.py'
[1.009s] INFO:colcon.colcon_core.shell:Creating prefix chain script '/home/praj/niihan_ws/install/setup.ps1'
[1.010s] INFO:colcon.colcon_core.shell:Creating prefix script '/home/praj/niihan_ws/install/local_setup.sh'
[1.011s] INFO:colcon.colcon_core.shell:Creating prefix util module '/home/praj/niihan_ws/install/_local_setup_util_sh.py'
[1.011s] INFO:colcon.colcon_core.shell:Creating prefix chain script '/home/praj/niihan_ws/install/setup.sh'
[1.012s] INFO:colcon.colcon_core.shell:Creating prefix script '/home/praj/niihan_ws/install/local_setup.bash'
[1.012s] INFO:colcon.colcon_core.shell:Creating prefix chain script '/home/praj/niihan_ws/install/setup.bash'
[1.012s] INFO:colcon.colcon_core.shell:Creating prefix script '/home/praj/niihan_ws/install/local_setup.zsh'
[1.013s] INFO:colcon.colcon_core.shell:Creating prefix chain script '/home/praj/niihan_ws/install/setup.zsh'
