/home/praj/niihan_ws/install/niihan_description/lib/python3.10/site-packages/niihan_description/patrol_controller.py
/home/praj/niihan_ws/install/niihan_description/lib/python3.10/site-packages/niihan_description/vortex_3d_mapper.py
/home/praj/niihan_ws/install/niihan_description/lib/python3.10/site-packages/niihan_description/cliff_detector.py
/home/praj/niihan_ws/install/niihan_description/lib/python3.10/site-packages/niihan_description/set_patrol_points.py
/home/praj/niihan_ws/install/niihan_description/lib/python3.10/site-packages/niihan_description/differential_drive_controller.py
/home/praj/niihan_ws/install/niihan_description/lib/python3.10/site-packages/niihan_description/teleop_mapping_keyboard.py
/home/praj/niihan_ws/install/niihan_description/lib/python3.10/site-packages/niihan_description/teleop_mapping_terminal.py
/home/praj/niihan_ws/install/niihan_description/lib/python3.10/site-packages/niihan_description/differential_drive.py
/home/praj/niihan_ws/install/niihan_description/lib/python3.10/site-packages/niihan_description/waypoint_patrol.py
/home/praj/niihan_ws/install/niihan_description/lib/python3.10/site-packages/niihan_description/niihan_description_node.py
/home/praj/niihan_ws/install/niihan_description/lib/python3.10/site-packages/niihan_description/__init__.py
/home/praj/niihan_ws/install/niihan_description/lib/python3.10/site-packages/niihan_description/__pycache__/patrol_controller.cpython-310.pyc
/home/praj/niihan_ws/install/niihan_description/lib/python3.10/site-packages/niihan_description/__pycache__/vortex_3d_mapper.cpython-310.pyc
/home/praj/niihan_ws/install/niihan_description/lib/python3.10/site-packages/niihan_description/__pycache__/cliff_detector.cpython-310.pyc
/home/praj/niihan_ws/install/niihan_description/lib/python3.10/site-packages/niihan_description/__pycache__/set_patrol_points.cpython-310.pyc
/home/praj/niihan_ws/install/niihan_description/lib/python3.10/site-packages/niihan_description/__pycache__/differential_drive_controller.cpython-310.pyc
/home/praj/niihan_ws/install/niihan_description/lib/python3.10/site-packages/niihan_description/__pycache__/teleop_mapping_keyboard.cpython-310.pyc
/home/praj/niihan_ws/install/niihan_description/lib/python3.10/site-packages/niihan_description/__pycache__/teleop_mapping_terminal.cpython-310.pyc
/home/praj/niihan_ws/install/niihan_description/lib/python3.10/site-packages/niihan_description/__pycache__/differential_drive.cpython-310.pyc
/home/praj/niihan_ws/install/niihan_description/lib/python3.10/site-packages/niihan_description/__pycache__/waypoint_patrol.cpython-310.pyc
/home/praj/niihan_ws/install/niihan_description/lib/python3.10/site-packages/niihan_description/__pycache__/niihan_description_node.cpython-310.pyc
/home/praj/niihan_ws/install/niihan_description/lib/python3.10/site-packages/niihan_description/__pycache__/__init__.cpython-310.pyc
/home/praj/niihan_ws/install/niihan_description/share/ament_index/resource_index/packages/niihan_description
/home/praj/niihan_ws/install/niihan_description/share/niihan_description/package.xml
/home/praj/niihan_ws/install/niihan_description/share/niihan_description/launch/niihan_description.launch.py
/home/praj/niihan_ws/install/niihan_description/share/niihan_description/launch/niihan_mapping.launch.py
/home/praj/niihan_ws/install/niihan_description/share/niihan_description/launch/niihan_gazebo.launch.py
/home/praj/niihan_ws/install/niihan_description/share/niihan_description/launch/mapping.launch.py
/home/praj/niihan_ws/install/niihan_description/share/niihan_description/launch/niihan_full_system.launch.py
/home/praj/niihan_ws/install/niihan_description/share/niihan_description/launch/gazebo.launch.py
/home/praj/niihan_ws/install/niihan_description/share/niihan_description/config/scenarios.yaml
/home/praj/niihan_ws/install/niihan_description/share/niihan_description/config/patrol_presets.yaml
/home/praj/niihan_ws/install/niihan_description/share/niihan_description/config/nav2_params.yaml
/home/praj/niihan_ws/install/niihan_description/share/niihan_description/config/slam_toolbox_params.yaml
/home/praj/niihan_ws/install/niihan_description/share/niihan_description/config/niihan_description_params.yaml
/home/praj/niihan_ws/install/niihan_description/share/niihan_description/rviz/niihan_mapping.rviz
/home/praj/niihan_ws/install/niihan_description/share/niihan_description/urdf/niihan_sensors_mast.xacro
/home/praj/niihan_ws/install/niihan_description/share/niihan_description/urdf/niihan_properties.xacro
/home/praj/niihan_ws/install/niihan_description/share/niihan_description/urdf/niihan_macros.xacro
/home/praj/niihan_ws/install/niihan_description/share/niihan_description/urdf/niihan_chassis.xacro
/home/praj/niihan_ws/install/niihan_description/share/niihan_description/urdf/niihan_mast.xacro
/home/praj/niihan_ws/install/niihan_description/share/niihan_description/urdf/niihan.urdf.xacro
/home/praj/niihan_ws/install/niihan_description/share/niihan_description/urdf/niihan_sensors_chassis.xacro
/home/praj/niihan_ws/install/niihan_description/share/niihan_description/scripts
/home/praj/niihan_ws/install/niihan_description/share/niihan_description/models/niihan_environment/model.config
/home/praj/niihan_ws/install/niihan_description/share/niihan_description/models/niihan_environment/model.sdf
/home/praj/niihan_ws/install/niihan_description/share/niihan_description/models/niihan_environment/meshes/construction_site_m1.glb
/home/praj/niihan_ws/install/niihan_description/share/niihan_description/models/niihan_environment/meshes/constructionsite_model1.stl
/home/praj/niihan_ws/install/niihan_description/share/niihan_description/worlds/niihan_stl.world
/home/praj/niihan_ws/install/niihan_description/share/niihan_description/worlds/constructionsite model1.stl
/home/praj/niihan_ws/install/niihan_description/share/niihan_description/worlds/niihan_patrol_base.world
/home/praj/niihan_ws/install/niihan_description/lib/python3.10/site-packages/niihan_description-0.1.0-py3.10.egg-info/zip-safe
/home/praj/niihan_ws/install/niihan_description/lib/python3.10/site-packages/niihan_description-0.1.0-py3.10.egg-info/requires.txt
/home/praj/niihan_ws/install/niihan_description/lib/python3.10/site-packages/niihan_description-0.1.0-py3.10.egg-info/PKG-INFO
/home/praj/niihan_ws/install/niihan_description/lib/python3.10/site-packages/niihan_description-0.1.0-py3.10.egg-info/dependency_links.txt
/home/praj/niihan_ws/install/niihan_description/lib/python3.10/site-packages/niihan_description-0.1.0-py3.10.egg-info/entry_points.txt
/home/praj/niihan_ws/install/niihan_description/lib/python3.10/site-packages/niihan_description-0.1.0-py3.10.egg-info/SOURCES.txt
/home/praj/niihan_ws/install/niihan_description/lib/python3.10/site-packages/niihan_description-0.1.0-py3.10.egg-info/top_level.txt
/home/praj/niihan_ws/install/niihan_description/lib/niihan_description/cliff_detector
/home/praj/niihan_ws/install/niihan_description/lib/niihan_description/differential_drive_controller
/home/praj/niihan_ws/install/niihan_description/lib/niihan_description/niihan_description_node
/home/praj/niihan_ws/install/niihan_description/lib/niihan_description/patrol_controller
/home/praj/niihan_ws/install/niihan_description/lib/niihan_description/set_patrol_points
/home/praj/niihan_ws/install/niihan_description/lib/niihan_description/teleop_mapping_keyboard
/home/praj/niihan_ws/install/niihan_description/lib/niihan_description/teleop_mapping_terminal
/home/praj/niihan_ws/install/niihan_description/lib/niihan_description/vortex_3d_mapper
/home/praj/niihan_ws/install/niihan_description/lib/niihan_description/waypoint_patrol
